<html>
<body>
<pre>
<h1>µVision Build Log</h1>
<h2>Tool Versions:</h2>
IDE-Version: ¦ÌVision V5.32.0.0
Copyright (C) 2020 ARM Ltd and ARM Germany GmbH. All rights reserved.
License Information: DFGHFGJKH sdfgnmAD, ASDFNHDG, LIC=76F5U-S62X0-30CNC-7N4MK-IMF3W-PU92F
 
Tool Versions:
Toolchain:       MDK-ARM Plus  Version: 5.32.0.0
Toolchain Path:  D:\MDK\ARM\ARMCC\Bin
C Compiler:      Armcc.exe V5.06 update 7 (build 960)
Assembler:       Armasm.exe V5.06 update 7 (build 960)
Linker/Locator:  ArmLink.exe V5.06 update 7 (build 960)
Library Manager: ArmAr.exe V5.06 update 7 (build 960)
Hex Converter:   FromElf.exe V5.06 update 7 (build 960)
CPU DLL:         SARMCM3.DLL V5.32.0.0
Dialog DLL:      DCM.DLL V1.17.3.0
Target DLL:      Segger\JL2CM3.dll V2.99.38.0
Dialog DLL:      TCM.DLL V1.46.0.0
 
<h2>Project:</h2>
E:\ÐÇ³½´óº£\Hardwrae\PCB-Control\Simple-32\Simple_STM32\Default_Software\MDK\User\Simple.uvprojx
Project File Date:  09/25/2022

<h2>Output:</h2>
*** Using Compiler 'V5.06 update 7 (build 960)', folder: 'D:\MDK\ARM\ARMCC\Bin'
Rebuild target 'Caven'
compiling main.c...
compiling Control_Mode.c...
compiling lcd.c...
compiling LED.c...
compiling Base_Exist_GPIO.c...
compiling Base.c...
compiling Base_Sys_Time.c...
compiling Base_SPI.c...
compiling HC595.c...
compiling Base_UART.c...
compiling key.c...
compiling BZZ.c...
compiling mlx90614.c...
compiling MODE_Tracing.c...
compiling Steering_engine.c...
compiling API.c...
compiling Check_CRC16.c...
compiling DATA_Handle.c...
compiling MODE_Motor.c...
compiling Keyboard.c...
compiling Mode.c...
compiling MODE_Time.c...
compiling MODE_MP3.c...
compiling MODE_Ultrasonic.c...
compiling MODE_UART.c...
assembling startup_stm32f10x_md.s...
compiling libcollections.c...
compiling Time_Handle.c...
compiling stm32f10x_it.c...
compiling system_stm32f10x.c...
compiling core_cm3.c...
compiling misc.c...
compiling stm32f10x_bkp.c...
compiling stm32f10x_cec.c...
compiling stm32f10x_dbgmcu.c...
compiling stm32f10x_adc.c...
compiling stm32f10x_can.c...
compiling stm32f10x_dac.c...
compiling stm32f10x_dma.c...
compiling stm32f10x_crc.c...
compiling stm32f10x_exti.c...
compiling stm32f10x_flash.c...
compiling stm32f10x_fsmc.c...
compiling stm32f10x_gpio.c...
compiling stm32f10x_iwdg.c...
compiling stm32f10x_i2c.c...
compiling stm32f10x_pwr.c...
compiling stm32f10x_rtc.c...
compiling stm32f10x_rcc.c...
compiling stm32f10x_sdio.c...
compiling stm32f10x_spi.c...
compiling stm32f10x_tim.c...
compiling stm32f10x_wwdg.c...
compiling stm32f10x_usart.c...
linking...
Program Size: Code=8392 RO-data=51468 RW-data=192 ZI-data=2720  
FromELF: creating hex file...
"..\OBJ\Simple.axf" - 0 Error(s), 0 Warning(s).

<h2>Software Packages used:</h2>

Package Vendor: Keil
                http://www.keil.com/pack/Keil.STM32F1xx_DFP.1.0.5.pack
                Keil.STM32F1xx_DFP.1.0.5
                STMicroelectronics STM32F1 Series Device Support, Drivers and Examples

<h2>Collection of Component include folders:</h2>
  D:\MDK\ARM\Keil\STM32F1xx_DFP\1.0.5\Device\Include

<h2>Collection of Component Files used:</h2>
Build Time Elapsed:  00:00:02
</pre>
</body>
</html>
