Component: ARM Compiler 5.06 update 7 (build 960) Tool: armlink [4d3601]

==============================================================================

Section Cross References

    main.o(i.Main_Init) refers to mode.o(i.Mode_Index) for Mode_Index
    main.o(i.Main_Init) refers to mode.o(.bss) for Mode_Init
    main.o(i.Main_Init) refers to mode_time.o(.data) for SYS_Time
    main.o(i.Main_Init) refers to main.o(.constdata) for gImage_duck
    main.o(i.main) refers to main.o(i.Main_Init) for Main_Init
    main.o(i.main) refers to printf6.o(i.__0printf$6) for __2printf
    main.o(i.main) refers to main.o(.data) for Color_LED
    main.o(i.main) refers to mode.o(.bss) for Mode_User
    main.o(i.main) refers to mode_time.o(.data) for SYS_Time
    base_exist_gpio.o(i.LCD_GPIO_Init) refers to stm32f10x_rcc.o(i.RCC_APB2PeriphClockCmd) for RCC_APB2PeriphClockCmd
    base_exist_gpio.o(i.LCD_GPIO_Init) refers to stm32f10x_gpio.o(i.GPIO_PinRemapConfig) for GPIO_PinRemapConfig
    base_exist_gpio.o(i.LCD_GPIO_Init) refers to stm32f10x_gpio.o(i.GPIO_Init) for GPIO_Init
    base_exist_gpio.o(i.LED_GPIO_Init) refers to stm32f10x_rcc.o(i.RCC_APB2PeriphClockCmd) for RCC_APB2PeriphClockCmd
    base_exist_gpio.o(i.LED_GPIO_Init) refers to stm32f10x_gpio.o(i.GPIO_Init) for GPIO_Init
    base_sys_time.o(i.GET_SysTick) refers to system_stm32f10x.o(.data) for SystemCoreClock
    base_sys_time.o(i.GET_SysTick) refers to base_sys_time.o(.data) for SYS_Ticktime
    base_sys_time.o(i.SET_SysTick) refers to uldiv.o(.text) for __aeabi_uldivmod
    base_sys_time.o(i.SET_SysTick) refers to system_stm32f10x.o(.data) for SystemCoreClock
    base_sys_time.o(i.SET_SysTick) refers to base_sys_time.o(.data) for SYS_Ticktime
    base_sys_time.o(i.SYS_Delay_S) refers to base_sys_time.o(i.SYS_Delay_ms) for SYS_Delay_ms
    base_sys_time.o(i.SYS_Delay_ms) refers to base_sys_time.o(i.GET_SysTick) for GET_SysTick
    base_sys_time.o(i.SYS_Delay_ms) refers to system_stm32f10x.o(.data) for SystemCoreClock
    base_sys_time.o(i.SYS_Delay_us) refers to base_sys_time.o(i.GET_SysTick) for GET_SysTick
    base_sys_time.o(i.SYS_Delay_us) refers to system_stm32f10x.o(.data) for SystemCoreClock
    base_sys_time.o(i.SysTick_Handler) refers to base_sys_time.o(.data) for SYS_Ticktime
    base_sys_time.o(i.Sys_Time_Init) refers to system_stm32f10x.o(.data) for SystemCoreClock
    base_uart.o(i.UART_RXD_Flag) refers to stm32f10x_usart.o(i.USART_GetITStatus) for USART_GetITStatus
    base_uart.o(i.UART_RXD_Flag) refers to base_uart.o(.data) for Temp
    base_uart.o(i.UART_RXD_Flag_Clear) refers to stm32f10x_usart.o(i.USART_ClearFlag) for USART_ClearFlag
    base_uart.o(i.UART_RXD_Flag_Clear) refers to base_uart.o(.data) for Temp
    base_uart.o(i.UART_RXD_Receive) refers to stm32f10x_usart.o(i.USART_ReceiveData) for USART_ReceiveData
    base_uart.o(i.UART_RXD_Receive) refers to base_uart.o(.data) for Temp
    base_uart.o(i.UART_TXD_Send) refers to stm32f10x_usart.o(i.USART_GetFlagStatus) for USART_GetFlagStatus
    base_uart.o(i.UART_TXD_Send) refers to stm32f10x_usart.o(i.USART_SendData) for USART_SendData
    base_uart.o(i.UART_TXD_Send) refers to stm32f10x_usart.o(i.USART_ClearFlag) for USART_ClearFlag
    base_uart.o(i.UART_TXD_Send) refers to base_uart.o(.data) for Temp
    base_uart.o(i.Uart1_Init) refers to stm32f10x_rcc.o(i.RCC_APB2PeriphClockCmd) for RCC_APB2PeriphClockCmd
    base_uart.o(i.Uart1_Init) refers to stm32f10x_gpio.o(i.GPIO_Init) for GPIO_Init
    base_uart.o(i.Uart1_Init) refers to stm32f10x_usart.o(i.USART_StructInit) for USART_StructInit
    base_uart.o(i.Uart1_Init) refers to stm32f10x_usart.o(i.USART_Init) for USART_Init
    base_uart.o(i.Uart1_Init) refers to misc.o(i.NVIC_PriorityGroupConfig) for NVIC_PriorityGroupConfig
    base_uart.o(i.Uart1_Init) refers to misc.o(i.NVIC_Init) for NVIC_Init
    base_uart.o(i.Uart1_Init) refers to stm32f10x_usart.o(i.USART_ITConfig) for USART_ITConfig
    base_uart.o(i.Uart1_Init) refers to stm32f10x_usart.o(i.USART_Cmd) for USART_Cmd
    base_uart.o(i.Uart2_Init) refers to stm32f10x_rcc.o(i.RCC_APB2PeriphClockCmd) for RCC_APB2PeriphClockCmd
    base_uart.o(i.Uart2_Init) refers to stm32f10x_rcc.o(i.RCC_APB1PeriphClockCmd) for RCC_APB1PeriphClockCmd
    base_uart.o(i.Uart2_Init) refers to stm32f10x_gpio.o(i.GPIO_Init) for GPIO_Init
    base_uart.o(i.Uart2_Init) refers to stm32f10x_usart.o(i.USART_StructInit) for USART_StructInit
    base_uart.o(i.Uart2_Init) refers to stm32f10x_usart.o(i.USART_Init) for USART_Init
    base_uart.o(i.Uart2_Init) refers to misc.o(i.NVIC_PriorityGroupConfig) for NVIC_PriorityGroupConfig
    base_uart.o(i.Uart2_Init) refers to misc.o(i.NVIC_Init) for NVIC_Init
    base_uart.o(i.Uart2_Init) refers to stm32f10x_usart.o(i.USART_ITConfig) for USART_ITConfig
    base_uart.o(i.Uart2_Init) refers to stm32f10x_usart.o(i.USART_Cmd) for USART_Cmd
    base_uart.o(i.Uart3_Init) refers to stm32f10x_rcc.o(i.RCC_APB2PeriphClockCmd) for RCC_APB2PeriphClockCmd
[...]
    Removing stm32f10x_cec.o(i.CEC_OwnAddressConfig), (12 bytes).
    Removing stm32f10x_cec.o(i.CEC_ReceiveDataByte), (12 bytes).
    Removing stm32f10x_cec.o(i.CEC_SendDataByte), (12 bytes).
    Removing stm32f10x_cec.o(i.CEC_SetPrescaler), (12 bytes).
    Removing stm32f10x_cec.o(i.CEC_StartOfMessage), (12 bytes).
    Removing stm32f10x_crc.o(i.CRC_CalcBlockCRC), (36 bytes).
    Removing stm32f10x_crc.o(i.CRC_CalcCRC), (16 bytes).
    Removing stm32f10x_crc.o(i.CRC_GetCRC), (12 bytes).
    Removing stm32f10x_crc.o(i.CRC_GetIDRegister), (12 bytes).
    Removing stm32f10x_crc.o(i.CRC_ResetDR), (12 bytes).
    Removing stm32f10x_crc.o(i.CRC_SetIDRegister), (12 bytes).
    Removing stm32f10x_dac.o(i.DAC_Cmd), (40 bytes).
    Removing stm32f10x_dac.o(i.DAC_DMACmd), (44 bytes).
    Removing stm32f10x_dac.o(i.DAC_DeInit), (22 bytes).
    Removing stm32f10x_dac.o(i.DAC_DualSoftwareTriggerCmd), (36 bytes).
    Removing stm32f10x_dac.o(i.DAC_GetDataOutputValue), (36 bytes).
    Removing stm32f10x_dac.o(i.DAC_Init), (52 bytes).
    Removing stm32f10x_dac.o(i.DAC_SetChannel1Data), (32 bytes).
    Removing stm32f10x_dac.o(i.DAC_SetChannel2Data), (32 bytes).
    Removing stm32f10x_dac.o(i.DAC_SetDualChannelData), (36 bytes).
    Removing stm32f10x_dac.o(i.DAC_SoftwareTriggerCmd), (44 bytes).
    Removing stm32f10x_dac.o(i.DAC_StructInit), (12 bytes).
    Removing stm32f10x_dac.o(i.DAC_WaveGenerationCmd), (40 bytes).
    Removing stm32f10x_dbgmcu.o(i.DBGMCU_Config), (32 bytes).
    Removing stm32f10x_dbgmcu.o(i.DBGMCU_GetDEVID), (16 bytes).
    Removing stm32f10x_dbgmcu.o(i.DBGMCU_GetREVID), (12 bytes).
    Removing stm32f10x_dma.o(i.DMA_ClearFlag), (28 bytes).
    Removing stm32f10x_dma.o(i.DMA_ClearITPendingBit), (28 bytes).
    Removing stm32f10x_dma.o(i.DMA_Cmd), (24 bytes).
    Removing stm32f10x_dma.o(i.DMA_DeInit), (332 bytes).
    Removing stm32f10x_dma.o(i.DMA_GetCurrDataCounter), (8 bytes).
    Removing stm32f10x_dma.o(i.DMA_GetFlagStatus), (44 bytes).
    Removing stm32f10x_dma.o(i.DMA_GetITStatus), (44 bytes).
    Removing stm32f10x_dma.o(i.DMA_ITConfig), (18 bytes).
    Removing stm32f10x_dma.o(i.DMA_Init), (60 bytes).
    Removing stm32f10x_dma.o(i.DMA_SetCurrDataCounter), (4 bytes).
    Removing stm32f10x_dma.o(i.DMA_StructInit), (26 bytes).
    Removing stm32f10x_exti.o(i.EXTI_ClearFlag), (12 bytes).
    Removing stm32f10x_exti.o(i.EXTI_ClearITPendingBit), (12 bytes).
    Removing stm32f10x_exti.o(i.EXTI_DeInit), (36 bytes).
    Removing stm32f10x_exti.o(i.EXTI_GenerateSWInterrupt), (16 bytes).
    Removing stm32f10x_exti.o(i.EXTI_GetFlagStatus), (24 bytes).
    Removing stm32f10x_exti.o(i.EXTI_GetITStatus), (40 bytes).
    Removing stm32f10x_exti.o(i.EXTI_Init), (148 bytes).
    Removing stm32f10x_exti.o(i.EXTI_StructInit), (16 bytes).
    Removing stm32f10x_flash.o(i.FLASH_ClearFlag), (12 bytes).
    Removing stm32f10x_flash.o(i.FLASH_EnableWriteProtection), (196 bytes).
    Removing stm32f10x_flash.o(i.FLASH_EraseAllBank1Pages), (72 bytes).
    Removing stm32f10x_flash.o(i.FLASH_EraseAllPages), (72 bytes).
    Removing stm32f10x_flash.o(i.FLASH_EraseOptionBytes), (168 bytes).
    Removing stm32f10x_flash.o(i.FLASH_ErasePage), (76 bytes).
    Removing stm32f10x_flash.o(i.FLASH_GetBank1Status), (52 bytes).
    Removing stm32f10x_flash.o(i.FLASH_GetFlagStatus), (48 bytes).
    Removing stm32f10x_flash.o(i.FLASH_GetPrefetchBufferStatus), (24 bytes).
    Removing stm32f10x_flash.o(i.FLASH_GetReadOutProtectionStatus), (24 bytes).
    Removing stm32f10x_flash.o(i.FLASH_GetStatus), (52 bytes).
    Removing stm32f10x_flash.o(i.FLASH_GetUserOptionByte), (12 bytes).
    Removing stm32f10x_flash.o(i.FLASH_GetWriteProtectionOptionByte), (12 bytes).
    Removing stm32f10x_flash.o(i.FLASH_HalfCycleAccessCmd), (28 bytes).
    Removing stm32f10x_flash.o(i.FLASH_ITConfig), (32 bytes).
    Removing stm32f10x_flash.o(i.FLASH_Lock), (20 bytes).
    Removing stm32f10x_flash.o(i.FLASH_LockBank1), (20 bytes).
    Removing stm32f10x_flash.o(i.FLASH_PrefetchBufferCmd), (28 bytes).
    Removing stm32f10x_flash.o(i.FLASH_ProgramHalfWord), (64 bytes).
    Removing stm32f10x_flash.o(i.FLASH_ProgramOptionByteData), (84 bytes).
    Removing stm32f10x_flash.o(i.FLASH_ProgramWord), (108 bytes).
    Removing stm32f10x_flash.o(i.FLASH_ReadOutProtection), (172 bytes).
    Removing stm32f10x_flash.o(i.FLASH_SetLatency), (24 bytes).
    Removing stm32f10x_flash.o(i.FLASH_Unlock), (24 bytes).
    Removing stm32f10x_flash.o(i.FLASH_UnlockBank1), (24 bytes).
    Removing stm32f10x_flash.o(i.FLASH_UserOptionByteConfig), (104 bytes).
    Removing stm32f10x_flash.o(i.FLASH_WaitForLastBank1Operation), (38 bytes).
    Removing stm32f10x_flash.o(i.FLASH_WaitForLastOperation), (38 bytes).
    Removing stm32f10x_fsmc.o(i.FSMC_ClearFlag), (64 bytes).
    Removing stm32f10x_fsmc.o(i.FSMC_ClearITPendingBit), (72 bytes).
    Removing stm32f10x_fsmc.o(i.FSMC_GetECC), (28 bytes).
    Removing stm32f10x_fsmc.o(i.FSMC_GetFlagStatus), (56 bytes).
    Removing stm32f10x_fsmc.o(i.FSMC_GetITStatus), (68 bytes).
    Removing stm32f10x_fsmc.o(i.FSMC_ITConfig), (128 bytes).
    Removing stm32f10x_fsmc.o(i.FSMC_NANDCmd), (92 bytes).
    Removing stm32f10x_fsmc.o(i.FSMC_NANDDeInit), (68 bytes).
    Removing stm32f10x_fsmc.o(i.FSMC_NANDECCCmd), (92 bytes).
    Removing stm32f10x_fsmc.o(i.FSMC_NANDInit), (136 bytes).
    Removing stm32f10x_fsmc.o(i.FSMC_NANDStructInit), (54 bytes).
    Removing stm32f10x_fsmc.o(i.FSMC_NORSRAMCmd), (52 bytes).
    Removing stm32f10x_fsmc.o(i.FSMC_NORSRAMDeInit), (54 bytes).
    Removing stm32f10x_fsmc.o(i.FSMC_NORSRAMInit), (230 bytes).
    Removing stm32f10x_fsmc.o(i.FSMC_NORSRAMStructInit), (114 bytes).
    Removing stm32f10x_fsmc.o(i.FSMC_PCCARDCmd), (48 bytes).
    Removing stm32f10x_fsmc.o(i.FSMC_PCCARDDeInit), (40 bytes).
    Removing stm32f10x_fsmc.o(i.FSMC_PCCARDInit), (132 bytes).
    Removing stm32f10x_fsmc.o(i.FSMC_PCCARDStructInit), (60 bytes).
    Removing stm32f10x_gpio.o(i.GPIO_AFIODeInit), (20 bytes).
    Removing stm32f10x_gpio.o(i.GPIO_DeInit), (200 bytes).
    Removing stm32f10x_gpio.o(i.GPIO_ETH_MediaInterfaceConfig), (12 bytes).
    Removing stm32f10x_gpio.o(i.GPIO_EXTILineConfig), (64 bytes).
    Removing stm32f10x_gpio.o(i.GPIO_EventOutputCmd), (12 bytes).
    Removing stm32f10x_gpio.o(i.GPIO_EventOutputConfig), (32 bytes).
    Removing stm32f10x_gpio.o(i.GPIO_PinLockConfig), (18 bytes).
    Removing stm32f10x_gpio.o(i.GPIO_ReadInputData), (8 bytes).
    Removing stm32f10x_gpio.o(i.GPIO_ReadInputDataBit), (18 bytes).
    Removing stm32f10x_gpio.o(i.GPIO_ReadOutputData), (8 bytes).
    Removing stm32f10x_gpio.o(i.GPIO_ReadOutputDataBit), (18 bytes).
    Removing stm32f10x_gpio.o(i.GPIO_ResetBits), (4 bytes).
    Removing stm32f10x_gpio.o(i.GPIO_SetBits), (4 bytes).
    Removing stm32f10x_gpio.o(i.GPIO_StructInit), (16 bytes).
    Removing stm32f10x_gpio.o(i.GPIO_Write), (4 bytes).
    Removing stm32f10x_gpio.o(i.GPIO_WriteBit), (10 bytes).
    Removing stm32f10x_i2c.o(i.I2C_ARPCmd), (24 bytes).
    Removing stm32f10x_i2c.o(i.I2C_AcknowledgeConfig), (24 bytes).
    Removing stm32f10x_i2c.o(i.I2C_CalculatePEC), (24 bytes).
    Removing stm32f10x_i2c.o(i.I2C_CheckEvent), (42 bytes).
    Removing stm32f10x_i2c.o(i.I2C_ClearFlag), (12 bytes).
    Removing stm32f10x_i2c.o(i.I2C_ClearITPendingBit), (12 bytes).
    Removing stm32f10x_i2c.o(i.I2C_Cmd), (24 bytes).
    Removing stm32f10x_i2c.o(i.I2C_DMACmd), (24 bytes).
    Removing stm32f10x_i2c.o(i.I2C_DMALastTransferCmd), (24 bytes).
    Removing stm32f10x_i2c.o(i.I2C_DeInit), (56 bytes).
    Removing stm32f10x_i2c.o(i.I2C_DualAddressCmd), (24 bytes).
    Removing stm32f10x_i2c.o(i.I2C_FastModeDutyCycleConfig), (28 bytes).
    Removing stm32f10x_i2c.o(i.I2C_GeneralCallCmd), (24 bytes).
    Removing stm32f10x_i2c.o(i.I2C_GenerateSTART), (24 bytes).
    Removing stm32f10x_i2c.o(i.I2C_GenerateSTOP), (24 bytes).
    Removing stm32f10x_i2c.o(i.I2C_GetFlagStatus), (58 bytes).
    Removing stm32f10x_i2c.o(i.I2C_GetITStatus), (38 bytes).
    Removing stm32f10x_i2c.o(i.I2C_GetLastEvent), (26 bytes).
    Removing stm32f10x_i2c.o(i.I2C_GetPEC), (8 bytes).
    Removing stm32f10x_i2c.o(i.I2C_ITConfig), (18 bytes).
    Removing stm32f10x_i2c.o(i.I2C_Init), (236 bytes).
    Removing stm32f10x_i2c.o(i.I2C_NACKPositionConfig), (28 bytes).
    Removing stm32f10x_i2c.o(i.I2C_OwnAddress2Config), (22 bytes).
    Removing stm32f10x_i2c.o(i.I2C_PECPositionConfig), (28 bytes).
    Removing stm32f10x_i2c.o(i.I2C_ReadRegister), (22 bytes).
    Removing stm32f10x_i2c.o(i.I2C_ReceiveData), (8 bytes).
    Removing stm32f10x_i2c.o(i.I2C_SMBusAlertConfig), (28 bytes).
    Removing stm32f10x_i2c.o(i.I2C_Send7bitAddress), (18 bytes).
    Removing stm32f10x_i2c.o(i.I2C_SendData), (4 bytes).
    Removing stm32f10x_i2c.o(i.I2C_SoftwareResetCmd), (22 bytes).
    Removing stm32f10x_i2c.o(i.I2C_StretchClockCmd), (24 bytes).
    Removing stm32f10x_i2c.o(i.I2C_StructInit), (30 bytes).
    Removing stm32f10x_i2c.o(i.I2C_TransmitPEC), (24 bytes).
    Removing stm32f10x_iwdg.o(i.IWDG_Enable), (16 bytes).
    Removing stm32f10x_iwdg.o(i.IWDG_GetFlagStatus), (24 bytes).
    Removing stm32f10x_iwdg.o(i.IWDG_ReloadCounter), (16 bytes).
    Removing stm32f10x_iwdg.o(i.IWDG_SetPrescaler), (12 bytes).
    Removing stm32f10x_iwdg.o(i.IWDG_SetReload), (12 bytes).
    Removing stm32f10x_iwdg.o(i.IWDG_WriteAccessCmd), (12 bytes).
    Removing stm32f10x_pwr.o(i.PWR_BackupAccessCmd), (12 bytes).
    Removing stm32f10x_pwr.o(i.PWR_ClearFlag), (20 bytes).
    Removing stm32f10x_pwr.o(i.PWR_DeInit), (22 bytes).
    Removing stm32f10x_pwr.o(i.PWR_EnterSTANDBYMode), (52 bytes).
    Removing stm32f10x_pwr.o(i.PWR_EnterSTOPMode), (64 bytes).
    Removing stm32f10x_pwr.o(i.PWR_GetFlagStatus), (24 bytes).
    Removing stm32f10x_pwr.o(i.PWR_PVDCmd), (12 bytes).
    Removing stm32f10x_pwr.o(i.PWR_PVDLevelConfig), (24 bytes).
    Removing stm32f10x_pwr.o(i.PWR_WakeUpPinCmd), (12 bytes).
    Removing stm32f10x_rcc.o(i.RCC_ADCCLKConfig), (24 bytes).
    Removing stm32f10x_rcc.o(i.RCC_AHBPeriphClockCmd), (32 bytes).
    Removing stm32f10x_rcc.o(i.RCC_APB1PeriphResetCmd), (32 bytes).
    Removing stm32f10x_rcc.o(i.RCC_APB2PeriphResetCmd), (32 bytes).
    Removing stm32f10x_rcc.o(i.RCC_AdjustHSICalibrationValue), (24 bytes).
    Removing stm32f10x_rcc.o(i.RCC_BackupResetCmd), (12 bytes).
    Removing stm32f10x_rcc.o(i.RCC_ClearFlag), (20 bytes).
    Removing stm32f10x_rcc.o(i.RCC_ClearITPendingBit), (12 bytes).
    Removing stm32f10x_rcc.o(i.RCC_ClockSecuritySystemCmd), (12 bytes).
    Removing stm32f10x_rcc.o(i.RCC_DeInit), (76 bytes).
    Removing stm32f10x_rcc.o(i.RCC_GetFlagStatus), (60 bytes).
    Removing stm32f10x_rcc.o(i.RCC_GetITStatus), (24 bytes).
    Removing stm32f10x_rcc.o(i.RCC_GetSYSCLKSource), (16 bytes).
    Removing stm32f10x_rcc.o(i.RCC_HCLKConfig), (24 bytes).
    Removing stm32f10x_rcc.o(i.RCC_HSEConfig), (76 bytes).
    Removing stm32f10x_rcc.o(i.RCC_HSICmd), (12 bytes).
    Removing stm32f10x_rcc.o(i.RCC_ITConfig), (32 bytes).
    Removing stm32f10x_rcc.o(i.RCC_LSEConfig), (52 bytes).
    Removing stm32f10x_rcc.o(i.RCC_LSICmd), (12 bytes).
    Removing stm32f10x_rcc.o(i.RCC_MCOConfig), (12 bytes).
    Removing stm32f10x_rcc.o(i.RCC_PCLK1Config), (24 bytes).
    Removing stm32f10x_rcc.o(i.RCC_PCLK2Config), (24 bytes).
    Removing stm32f10x_rcc.o(i.RCC_PLLCmd), (12 bytes).
    Removing stm32f10x_rcc.o(i.RCC_PLLConfig), (28 bytes).
    Removing stm32f10x_rcc.o(i.RCC_RTCCLKCmd), (12 bytes).
    Removing stm32f10x_rcc.o(i.RCC_RTCCLKConfig), (16 bytes).
    Removing stm32f10x_rcc.o(i.RCC_SYSCLKConfig), (24 bytes).
    Removing stm32f10x_rcc.o(i.RCC_USBCLKConfig), (12 bytes).
    Removing stm32f10x_rcc.o(i.RCC_WaitForHSEStartUp), (56 bytes).
    Removing stm32f10x_rtc.o(i.RTC_ClearFlag), (16 bytes).
    Removing stm32f10x_rtc.o(i.RTC_ClearITPendingBit), (16 bytes).
    Removing stm32f10x_rtc.o(i.RTC_EnterConfigMode), (20 bytes).
    Removing stm32f10x_rtc.o(i.RTC_ExitConfigMode), (20 bytes).
    Removing stm32f10x_rtc.o(i.RTC_GetCounter), (20 bytes).
    Removing stm32f10x_rtc.o(i.RTC_GetDivider), (24 bytes).
    Removing stm32f10x_rtc.o(i.RTC_GetFlagStatus), (24 bytes).
    Removing stm32f10x_rtc.o(i.RTC_GetITStatus), (36 bytes).
    Removing stm32f10x_rtc.o(i.RTC_ITConfig), (32 bytes).
    Removing stm32f10x_rtc.o(i.RTC_SetAlarm), (28 bytes).
    Removing stm32f10x_rtc.o(i.RTC_SetCounter), (28 bytes).
    Removing stm32f10x_rtc.o(i.RTC_SetPrescaler), (32 bytes).
    Removing stm32f10x_rtc.o(i.RTC_WaitForLastTask), (20 bytes).
    Removing stm32f10x_rtc.o(i.RTC_WaitForSynchro), (36 bytes).
    Removing stm32f10x_sdio.o(i.SDIO_CEATAITCmd), (16 bytes).
    Removing stm32f10x_sdio.o(i.SDIO_ClearFlag), (12 bytes).
    Removing stm32f10x_sdio.o(i.SDIO_ClearITPendingBit), (12 bytes).
    Removing stm32f10x_sdio.o(i.SDIO_ClockCmd), (12 bytes).
    Removing stm32f10x_sdio.o(i.SDIO_CmdStructInit), (14 bytes).
    Removing stm32f10x_sdio.o(i.SDIO_CommandCompletionCmd), (12 bytes).
    Removing stm32f10x_sdio.o(i.SDIO_DMACmd), (12 bytes).
    Removing stm32f10x_sdio.o(i.SDIO_DataConfig), (48 bytes).
    Removing stm32f10x_sdio.o(i.SDIO_DataStructInit), (20 bytes).
    Removing stm32f10x_sdio.o(i.SDIO_DeInit), (36 bytes).
    Removing stm32f10x_sdio.o(i.SDIO_GetCommandResponse), (12 bytes).
    Removing stm32f10x_sdio.o(i.SDIO_GetDataCounter), (12 bytes).
    Removing stm32f10x_sdio.o(i.SDIO_GetFIFOCount), (12 bytes).
    Removing stm32f10x_sdio.o(i.SDIO_GetFlagStatus), (24 bytes).
    Removing stm32f10x_sdio.o(i.SDIO_GetITStatus), (24 bytes).
    Removing stm32f10x_sdio.o(i.SDIO_GetPowerState), (16 bytes).
    Removing stm32f10x_sdio.o(i.SDIO_GetResponse), (24 bytes).
    Removing stm32f10x_sdio.o(i.SDIO_ITConfig), (32 bytes).
    Removing stm32f10x_sdio.o(i.SDIO_Init), (48 bytes).
    Removing stm32f10x_sdio.o(i.SDIO_ReadData), (12 bytes).
    Removing stm32f10x_sdio.o(i.SDIO_SendCEATACmd), (12 bytes).
    Removing stm32f10x_sdio.o(i.SDIO_SendCommand), (44 bytes).
    Removing stm32f10x_sdio.o(i.SDIO_SendSDIOSuspendCmd), (12 bytes).
    Removing stm32f10x_sdio.o(i.SDIO_SetPowerState), (28 bytes).
    Removing stm32f10x_sdio.o(i.SDIO_SetSDIOOperation), (12 bytes).
    Removing stm32f10x_sdio.o(i.SDIO_SetSDIOReadWaitMode), (12 bytes).
    Removing stm32f10x_sdio.o(i.SDIO_StartSDIOReadWait), (12 bytes).
    Removing stm32f10x_sdio.o(i.SDIO_StopSDIOReadWait), (12 bytes).
    Removing stm32f10x_sdio.o(i.SDIO_StructInit), (16 bytes).
    Removing stm32f10x_sdio.o(i.SDIO_WriteData), (12 bytes).
    Removing stm32f10x_spi.o(i.I2S_Cmd), (24 bytes).
    Removing stm32f10x_spi.o(i.I2S_Init), (232 bytes).
    Removing stm32f10x_spi.o(i.I2S_StructInit), (20 bytes).
    Removing stm32f10x_spi.o(i.SPI_BiDirectionalLineConfig), (28 bytes).
    Removing stm32f10x_spi.o(i.SPI_CalculateCRC), (24 bytes).
    Removing stm32f10x_spi.o(i.SPI_DataSizeConfig), (18 bytes).
    Removing stm32f10x_spi.o(i.SPI_GetCRC), (16 bytes).
    Removing stm32f10x_spi.o(i.SPI_GetCRCPolynomial), (6 bytes).
    Removing stm32f10x_spi.o(i.SPI_I2S_ClearFlag), (6 bytes).
    Removing stm32f10x_spi.o(i.SPI_I2S_ClearITPendingBit), (20 bytes).
    Removing stm32f10x_spi.o(i.SPI_I2S_DMACmd), (18 bytes).
    Removing stm32f10x_spi.o(i.SPI_I2S_DeInit), (88 bytes).
    Removing stm32f10x_spi.o(i.SPI_I2S_GetITStatus), (52 bytes).
    Removing stm32f10x_spi.o(i.SPI_I2S_ITConfig), (32 bytes).
    Removing stm32f10x_spi.o(i.SPI_I2S_ReceiveData), (6 bytes).
    Removing stm32f10x_spi.o(i.SPI_NSSInternalSoftwareConfig), (30 bytes).
    Removing stm32f10x_spi.o(i.SPI_SSOutputCmd), (24 bytes).
    Removing stm32f10x_spi.o(i.SPI_StructInit), (24 bytes).
    Removing stm32f10x_spi.o(i.SPI_TransmitCRC), (10 bytes).
    Removing stm32f10x_tim.o(i.TI1_Config), (128 bytes).
    Removing stm32f10x_tim.o(i.TI2_Config), (152 bytes).
    Removing stm32f10x_tim.o(i.TI3_Config), (144 bytes).
    Removing stm32f10x_tim.o(i.TI4_Config), (152 bytes).
    Removing stm32f10x_tim.o(i.TIM_ARRPreloadConfig), (24 bytes).
    Removing stm32f10x_tim.o(i.TIM_BDTRConfig), (32 bytes).
    Removing stm32f10x_tim.o(i.TIM_BDTRStructInit), (18 bytes).
    Removing stm32f10x_tim.o(i.TIM_CCPreloadControl), (24 bytes).
    Removing stm32f10x_tim.o(i.TIM_CCxCmd), (30 bytes).
    Removing stm32f10x_tim.o(i.TIM_CCxNCmd), (30 bytes).
    Removing stm32f10x_tim.o(i.TIM_ClearFlag), (6 bytes).
    Removing stm32f10x_tim.o(i.TIM_ClearITPendingBit), (6 bytes).
    Removing stm32f10x_tim.o(i.TIM_ClearOC1Ref), (18 bytes).
    Removing stm32f10x_tim.o(i.TIM_ClearOC2Ref), (24 bytes).
    Removing stm32f10x_tim.o(i.TIM_ClearOC3Ref), (18 bytes).
    Removing stm32f10x_tim.o(i.TIM_ClearOC4Ref), (24 bytes).
    Removing stm32f10x_tim.o(i.TIM_Cmd), (24 bytes).
    Removing stm32f10x_tim.o(i.TIM_CounterModeConfig), (18 bytes).
    Removing stm32f10x_tim.o(i.TIM_CtrlPWMOutputs), (30 bytes).
    Removing stm32f10x_tim.o(i.TIM_DMACmd), (18 bytes).
    Removing stm32f10x_tim.o(i.TIM_DMAConfig), (10 bytes).
    Removing stm32f10x_tim.o(i.TIM_DeInit), (488 bytes).
    Removing stm32f10x_tim.o(i.TIM_ETRClockMode1Config), (54 bytes).
    Removing stm32f10x_tim.o(i.TIM_ETRClockMode2Config), (32 bytes).
    Removing stm32f10x_tim.o(i.TIM_ETRConfig), (28 bytes).
    Removing stm32f10x_tim.o(i.TIM_EncoderInterfaceConfig), (66 bytes).
    Removing stm32f10x_tim.o(i.TIM_ForcedOC1Config), (18 bytes).
    Removing stm32f10x_tim.o(i.TIM_ForcedOC2Config), (26 bytes).
    Removing stm32f10x_tim.o(i.TIM_ForcedOC3Config), (18 bytes).
    Removing stm32f10x_tim.o(i.TIM_ForcedOC4Config), (26 bytes).
    Removing stm32f10x_tim.o(i.TIM_GenerateEvent), (4 bytes).
    Removing stm32f10x_tim.o(i.TIM_GetCapture1), (6 bytes).
    Removing stm32f10x_tim.o(i.TIM_GetCapture2), (6 bytes).
    Removing stm32f10x_tim.o(i.TIM_GetCapture3), (6 bytes).
    Removing stm32f10x_tim.o(i.TIM_GetCapture4), (8 bytes).
    Removing stm32f10x_tim.o(i.TIM_GetCounter), (6 bytes).
    Removing stm32f10x_tim.o(i.TIM_GetFlagStatus), (18 bytes).
    Removing stm32f10x_tim.o(i.TIM_GetITStatus), (34 bytes).
    Removing stm32f10x_tim.o(i.TIM_GetPrescaler), (6 bytes).
    Removing stm32f10x_tim.o(i.TIM_ICInit), (172 bytes).
    Removing stm32f10x_tim.o(i.TIM_ICStructInit), (18 bytes).
    Removing stm32f10x_tim.o(i.TIM_ITConfig), (18 bytes).
    Removing stm32f10x_tim.o(i.TIM_ITRxExternalClockConfig), (24 bytes).
    Removing stm32f10x_tim.o(i.TIM_InternalClockConfig), (12 bytes).
    Removing stm32f10x_tim.o(i.TIM_OC1FastConfig), (18 bytes).
    Removing stm32f10x_tim.o(i.TIM_OC1Init), (152 bytes).
    Removing stm32f10x_tim.o(i.TIM_OC1NPolarityConfig), (18 bytes).
    Removing stm32f10x_tim.o(i.TIM_OC1PolarityConfig), (18 bytes).
    Removing stm32f10x_tim.o(i.TIM_OC1PreloadConfig), (18 bytes).
    Removing stm32f10x_tim.o(i.TIM_OC2FastConfig), (26 bytes).
    Removing stm32f10x_tim.o(i.TIM_OC2Init), (164 bytes).
    Removing stm32f10x_tim.o(i.TIM_OC2NPolarityConfig), (26 bytes).
    Removing stm32f10x_tim.o(i.TIM_OC2PolarityConfig), (26 bytes).
    Removing stm32f10x_tim.o(i.TIM_OC2PreloadConfig), (26 bytes).
    Removing stm32f10x_tim.o(i.TIM_OC3FastConfig), (18 bytes).
    Removing stm32f10x_tim.o(i.TIM_OC3Init), (160 bytes).
    Removing stm32f10x_tim.o(i.TIM_OC3NPolarityConfig), (26 bytes).
    Removing stm32f10x_tim.o(i.TIM_OC3PolarityConfig), (26 bytes).
    Removing stm32f10x_tim.o(i.TIM_OC3PreloadConfig), (18 bytes).
    Removing stm32f10x_tim.o(i.TIM_OC4FastConfig), (26 bytes).
    Removing stm32f10x_tim.o(i.TIM_OC4Init), (124 bytes).
    Removing stm32f10x_tim.o(i.TIM_OC4PolarityConfig), (26 bytes).
    Removing stm32f10x_tim.o(i.TIM_OC4PreloadConfig), (26 bytes).
    Removing stm32f10x_tim.o(i.TIM_OCStructInit), (20 bytes).
    Removing stm32f10x_tim.o(i.TIM_PWMIConfig), (124 bytes).
    Removing stm32f10x_tim.o(i.TIM_PrescalerConfig), (6 bytes).
    Removing stm32f10x_tim.o(i.TIM_SelectCCDMA), (24 bytes).
    Removing stm32f10x_tim.o(i.TIM_SelectCOM), (24 bytes).
    Removing stm32f10x_tim.o(i.TIM_SelectHallSensor), (24 bytes).
    Removing stm32f10x_tim.o(i.TIM_SelectInputTrigger), (18 bytes).
    Removing stm32f10x_tim.o(i.TIM_SelectMasterSlaveMode), (18 bytes).
    Removing stm32f10x_tim.o(i.TIM_SelectOCxM), (82 bytes).
    Removing stm32f10x_tim.o(i.TIM_SelectOnePulseMode), (18 bytes).
    Removing stm32f10x_tim.o(i.TIM_SelectOutputTrigger), (18 bytes).
    Removing stm32f10x_tim.o(i.TIM_SelectSlaveMode), (18 bytes).
    Removing stm32f10x_tim.o(i.TIM_SetAutoreload), (4 bytes).
    Removing stm32f10x_tim.o(i.TIM_SetClockDivision), (18 bytes).
    Removing stm32f10x_tim.o(i.TIM_SetCompare1), (4 bytes).
    Removing stm32f10x_tim.o(i.TIM_SetCompare2), (4 bytes).
    Removing stm32f10x_tim.o(i.TIM_SetCompare3), (4 bytes).
    Removing stm32f10x_tim.o(i.TIM_SetCompare4), (6 bytes).
    Removing stm32f10x_tim.o(i.TIM_SetCounter), (4 bytes).
    Removing stm32f10x_tim.o(i.TIM_SetIC1Prescaler), (18 bytes).
    Removing stm32f10x_tim.o(i.TIM_SetIC2Prescaler), (26 bytes).
    Removing stm32f10x_tim.o(i.TIM_SetIC3Prescaler), (18 bytes).
    Removing stm32f10x_tim.o(i.TIM_SetIC4Prescaler), (26 bytes).
    Removing stm32f10x_tim.o(i.TIM_TIxExternalClockConfig), (62 bytes).
    Removing stm32f10x_tim.o(i.TIM_TimeBaseInit), (164 bytes).
    Removing stm32f10x_tim.o(i.TIM_TimeBaseStructInit), (18 bytes).
    Removing stm32f10x_tim.o(i.TIM_UpdateDisableConfig), (24 bytes).
    Removing stm32f10x_tim.o(i.TIM_UpdateRequestConfig), (24 bytes).
    Removing stm32f10x_usart.o(i.USART_ClearITPendingBit), (30 bytes).
    Removing stm32f10x_usart.o(i.USART_ClockInit), (34 bytes).
    Removing stm32f10x_usart.o(i.USART_ClockStructInit), (12 bytes).
    Removing stm32f10x_usart.o(i.USART_DMACmd), (18 bytes).
    Removing stm32f10x_usart.o(i.USART_DeInit), (156 bytes).
    Removing stm32f10x_usart.o(i.USART_HalfDuplexCmd), (24 bytes).
    Removing stm32f10x_usart.o(i.USART_IrDACmd), (24 bytes).
    Removing stm32f10x_usart.o(i.USART_IrDAConfig), (18 bytes).
    Removing stm32f10x_usart.o(i.USART_LINBreakDetectLengthConfig), (18 bytes).
    Removing stm32f10x_usart.o(i.USART_LINCmd), (24 bytes).
    Removing stm32f10x_usart.o(i.USART_OneBitMethodCmd), (24 bytes).
    Removing stm32f10x_usart.o(i.USART_OverSampling8Cmd), (22 bytes).
    Removing stm32f10x_usart.o(i.USART_ReceiverWakeUpCmd), (24 bytes).
    Removing stm32f10x_usart.o(i.USART_SendBreak), (10 bytes).
    Removing stm32f10x_usart.o(i.USART_SetAddress), (18 bytes).
    Removing stm32f10x_usart.o(i.USART_SetGuardTime), (16 bytes).
    Removing stm32f10x_usart.o(i.USART_SetPrescaler), (16 bytes).
    Removing stm32f10x_usart.o(i.USART_SmartCardCmd), (24 bytes).
    Removing stm32f10x_usart.o(i.USART_SmartCardNACKCmd), (24 bytes).
    Removing stm32f10x_usart.o(i.USART_WakeUpConfig), (18 bytes).
    Removing stm32f10x_wwdg.o(i.WWDG_ClearFlag), (12 bytes).
    Removing stm32f10x_wwdg.o(i.WWDG_DeInit), (22 bytes).
    Removing stm32f10x_wwdg.o(i.WWDG_Enable), (16 bytes).
    Removing stm32f10x_wwdg.o(i.WWDG_EnableIT), (12 bytes).
    Removing stm32f10x_wwdg.o(i.WWDG_GetFlagStatus), (12 bytes).
    Removing stm32f10x_wwdg.o(i.WWDG_SetCounter), (16 bytes).
    Removing stm32f10x_wwdg.o(i.WWDG_SetPrescaler), (24 bytes).
    Removing stm32f10x_wwdg.o(i.WWDG_SetWindowValue), (40 bytes).
    Removing d2f.o(.text), (56 bytes).
    Removing fepilogue.o(.text), (110 bytes).
    Removing dadd.o(.text), (334 bytes).
    Removing dmul.o(.text), (228 bytes).
    Removing ddiv.o(.text), (222 bytes).
    Removing dfixul.o(.text), (48 bytes).
    Removing cdrcmple.o(.text), (48 bytes).
    Removing depilogue.o(.text), (186 bytes).
    Removing dfltul.o(.text), (24 bytes).

498 unused section(s) (total 21742 bytes) removed from the image.

==============================================================================

Image Symbol Table

    Local Symbols

    Symbol Name                              Value     Ov Type        Size  Object(Section)

    ../clib/microlib/ctype/ctype.c           0x00000000   Number         0  ctype_c.o ABSOLUTE
    ../clib/microlib/ctype/ctype.c           0x00000000   Number         0  isspace_c.o ABSOLUTE
    ../clib/microlib/division.c              0x00000000   Number         0  uldiv.o ABSOLUTE
    ../clib/microlib/division.c              0x00000000   Number         0  uidiv.o ABSOLUTE
    ../clib/microlib/errno.c                 0x00000000   Number         0  errno.o ABSOLUTE
    ../clib/microlib/init/entry.s            0x00000000   Number         0  entry7b.o ABSOLUTE
    ../clib/microlib/init/entry.s            0x00000000   Number         0  entry7a.o ABSOLUTE
    ../clib/microlib/init/entry.s            0x00000000   Number         0  entry10b.o ABSOLUTE
    ../clib/microlib/init/entry.s            0x00000000   Number         0  entry5.o ABSOLUTE
    ../clib/microlib/init/entry.s            0x00000000   Number         0  entry10a.o ABSOLUTE
    ../clib/microlib/init/entry.s            0x00000000   Number         0  entry9b.o ABSOLUTE
    ../clib/microlib/init/entry.s            0x00000000   Number         0  entry12a.o ABSOLUTE
    ../clib/microlib/init/entry.s            0x00000000   Number         0  entry.o ABSOLUTE
    ../clib/microlib/init/entry.s            0x00000000   Number         0  entry12b.o ABSOLUTE
    ../clib/microlib/init/entry.s            0x00000000   Number         0  entry11b.o ABSOLUTE
    ../clib/microlib/init/entry.s            0x00000000   Number         0  entry9a.o ABSOLUTE
    ../clib/microlib/init/entry.s            0x00000000   Number         0  entry8b.o ABSOLUTE
    ../clib/microlib/init/entry.s            0x00000000   Number         0  entry2.o ABSOLUTE
    ../clib/microlib/init/entry.s            0x00000000   Number         0  entry8a.o ABSOLUTE
    ../clib/microlib/init/entry.s            0x00000000   Number         0  entry11a.o ABSOLUTE
    ../clib/microlib/longlong.c              0x00000000   Number         0  llshl.o ABSOLUTE
    ../clib/microlib/longlong.c              0x00000000   Number         0  llushr.o ABSOLUTE
    ../clib/microlib/longlong.c              0x00000000   Number         0  llsshr.o ABSOLUTE
    ../clib/microlib/printf/printf.c         0x00000000   Number         0  printf3.o ABSOLUTE
    ../clib/microlib/printf/printf.c         0x00000000   Number         0  printf2.o ABSOLUTE
    ../clib/microlib/printf/printf.c         0x00000000   Number         0  printf1.o ABSOLUTE
    ../clib/microlib/printf/printf.c         0x00000000   Number         0  printf6.o ABSOLUTE
    ../clib/microlib/printf/printf.c         0x00000000   Number         0  printf4.o ABSOLUTE
    ../clib/microlib/printf/printf.c         0x00000000   Number         0  printf0.o ABSOLUTE
    ../clib/microlib/printf/printf.c         0x00000000   Number         0  printfb.o ABSOLUTE
    ../clib/microlib/printf/printf.c         0x00000000   Number         0  printf5.o ABSOLUTE
    ../clib/microlib/printf/printf.c         0x00000000   Number         0  printfa.o ABSOLUTE
    ../clib/microlib/printf/printf.c         0x00000000   Number         0  printf8.o ABSOLUTE
    ../clib/microlib/printf/printf.c         0x00000000   Number         0  printf7.o ABSOLUTE
    ../clib/microlib/printf/stubs.s          0x00000000   Number         0  stubs.o ABSOLUTE
    ../clib/microlib/stdio/streams.c         0x00000000   Number         0  stdout.o ABSOLUTE
    ../clib/microlib/string/memcpy.c         0x00000000   Number         0  memcpyb.o ABSOLUTE
    ../clib/microlib/string/memcpy.c         0x00000000   Number         0  memcpya.o ABSOLUTE
    ../clib/microlib/string/memset.c         0x00000000   Number         0  memseta.o ABSOLUTE
    ../clib/microlib/string/strcpy.c         0x00000000   Number         0  strcpy.o ABSOLUTE
    ../clib/microlib/string/strlen.c         0x00000000   Number         0  strlen.o ABSOLUTE
    ../clib/microlib/stubs.s                 0x00000000   Number         0  iusefp.o ABSOLUTE
    ../clib/scanf.c                          0x00000000   Number         0  scanf_fp.o ABSOLUTE
    ../clib/scanf.c                          0x00000000   Number         0  _sgetc.o ABSOLUTE
    ../clib/scanf.c                          0x00000000   Number         0  strtod.o ABSOLUTE
    ../fplib/microlib/d2f.c                  0x00000000   Number         0  d2f.o ABSOLUTE
    ../fplib/microlib/fpadd.c                0x00000000   Number         0  dadd.o ABSOLUTE
    ../fplib/microlib/fpdiv.c                0x00000000   Number         0  ddiv.o ABSOLUTE
    ../fplib/microlib/fpepilogue.c           0x00000000   Number         0  fepilogue.o ABSOLUTE
    ../fplib/microlib/fpepilogue.c           0x00000000   Number         0  depilogue.o ABSOLUTE
    ../fplib/microlib/fpfix.c                0x00000000   Number         0  dfixul.o ABSOLUTE
    ../fplib/microlib/fpflt.c                0x00000000   Number         0  dfltul.o ABSOLUTE
    ../fplib/microlib/fpmul.c                0x00000000   Number         0  dmul.o ABSOLUTE
    ../mathlib/atof.c                        0x00000000   Number         0  atof.o ABSOLUTE
    ..\..\MCU_LIB\API\API.c                  0x00000000   Number         0  api.o ABSOLUTE
    ..\..\MCU_LIB\API\Check_CRC16.c          0x00000000   Number         0  check_crc16.o ABSOLUTE
    ..\..\MCU_LIB\API\DATA_Handle.c          0x00000000   Number         0  data_handle.o ABSOLUTE
    ..\..\MCU_LIB\API\Keyboard.c             0x00000000   Number         0  keyboard.o ABSOLUTE
    ..\..\MCU_LIB\API\Time_Handle.c          0x00000000   Number         0  time_handle.o ABSOLUTE
    ..\..\MCU_LIB\API\libcollections.c       0x00000000   Number         0  libcollections.o ABSOLUTE
    ..\..\MCU_LIB\Base_STM32F103\Base.c      0x00000000   Number         0  base.o ABSOLUTE
    ..\..\MCU_LIB\Base_STM32F103\Base_Exist_GPIO.c 0x00000000   Number         0  base_exist_gpio.o ABSOLUTE
    ..\..\MCU_LIB\Base_STM32F103\Base_SPI.c  0x00000000   Number         0  base_spi.o ABSOLUTE
    ..\..\MCU_LIB\Base_STM32F103\Base_Sys_Time.c 0x00000000   Number         0  base_sys_time.o ABSOLUTE
    ..\..\MCU_LIB\Base_STM32F103\Base_UART.c 0x00000000   Number         0  base_uart.o ABSOLUTE
    ..\..\MCU_LIB\Mode\BZZ.c                 0x00000000   Number         0  bzz.o ABSOLUTE
    ..\..\MCU_LIB\Mode\Control_Mode.c        0x00000000   Number         0  control_mode.o ABSOLUTE
    ..\..\MCU_LIB\Mode\HC595.c               0x00000000   Number         0  hc595.o ABSOLUTE
    ..\..\MCU_LIB\Mode\LED.c                 0x00000000   Number         0  led.o ABSOLUTE
    ..\..\MCU_LIB\Mode\MODE_MP3.c            0x00000000   Number         0  mode_mp3.o ABSOLUTE
    ..\..\MCU_LIB\Mode\MODE_Motor.c          0x00000000   Number         0  mode_motor.o ABSOLUTE
    ..\..\MCU_LIB\Mode\MODE_Time.c           0x00000000   Number         0  mode_time.o ABSOLUTE
    ..\..\MCU_LIB\Mode\MODE_Tracing.c        0x00000000   Number         0  mode_tracing.o ABSOLUTE
    ..\..\MCU_LIB\Mode\MODE_UART.c           0x00000000   Number         0  mode_uart.o ABSOLUTE
    ..\..\MCU_LIB\Mode\MODE_Ultrasonic.c     0x00000000   Number         0  mode_ultrasonic.o ABSOLUTE
    ..\..\MCU_LIB\Mode\Mode.c                0x00000000   Number         0  mode.o ABSOLUTE
    ..\..\MCU_LIB\Mode\Steering_engine.c     0x00000000   Number         0  steering_engine.o ABSOLUTE
    ..\..\MCU_LIB\Mode\key.c                 0x00000000   Number         0  key.o ABSOLUTE
    ..\..\MCU_LIB\Mode\lcd.c                 0x00000000   Number         0  lcd.o ABSOLUTE
    ..\..\MCU_LIB\Mode\mlx90614.c            0x00000000   Number         0  mlx90614.o ABSOLUTE
    ..\CMSIS\core_cm3.c                      0x00000000   Number         0  core_cm3.o ABSOLUTE
    ..\Config\stm32f10x_it.c                 0x00000000   Number         0  stm32f10x_it.o ABSOLUTE
    ..\Config\system_stm32f10x.c             0x00000000   Number         0  system_stm32f10x.o ABSOLUTE
    ..\SDK\src\misc.c                        0x00000000   Number         0  misc.o ABSOLUTE
    ..\SDK\src\stm32f10x_adc.c               0x00000000   Number         0  stm32f10x_adc.o ABSOLUTE
    ..\SDK\src\stm32f10x_bkp.c               0x00000000   Number         0  stm32f10x_bkp.o ABSOLUTE
    ..\SDK\src\stm32f10x_can.c               0x00000000   Number         0  stm32f10x_can.o ABSOLUTE
    ..\SDK\src\stm32f10x_cec.c               0x00000000   Number         0  stm32f10x_cec.o ABSOLUTE
    ..\SDK\src\stm32f10x_crc.c               0x00000000   Number         0  stm32f10x_crc.o ABSOLUTE
    ..\SDK\src\stm32f10x_dac.c               0x00000000   Number         0  stm32f10x_dac.o ABSOLUTE
    ..\SDK\src\stm32f10x_dbgmcu.c            0x00000000   Number         0  stm32f10x_dbgmcu.o ABSOLUTE
    ..\SDK\src\stm32f10x_dma.c               0x00000000   Number         0  stm32f10x_dma.o ABSOLUTE
    ..\SDK\src\stm32f10x_exti.c              0x00000000   Number         0  stm32f10x_exti.o ABSOLUTE
    ..\SDK\src\stm32f10x_flash.c             0x00000000   Number         0  stm32f10x_flash.o ABSOLUTE
    ..\SDK\src\stm32f10x_fsmc.c              0x00000000   Number         0  stm32f10x_fsmc.o ABSOLUTE
    ..\SDK\src\stm32f10x_gpio.c              0x00000000   Number         0  stm32f10x_gpio.o ABSOLUTE
    ..\SDK\src\stm32f10x_i2c.c               0x00000000   Number         0  stm32f10x_i2c.o ABSOLUTE
    ..\SDK\src\stm32f10x_iwdg.c              0x00000000   Number         0  stm32f10x_iwdg.o ABSOLUTE
    ..\SDK\src\stm32f10x_pwr.c               0x00000000   Number         0  stm32f10x_pwr.o ABSOLUTE
    ..\SDK\src\stm32f10x_rcc.c               0x00000000   Number         0  stm32f10x_rcc.o ABSOLUTE
    ..\SDK\src\stm32f10x_rtc.c               0x00000000   Number         0  stm32f10x_rtc.o ABSOLUTE
    ..\SDK\src\stm32f10x_sdio.c              0x00000000   Number         0  stm32f10x_sdio.o ABSOLUTE
    ..\SDK\src\stm32f10x_spi.c               0x00000000   Number         0  stm32f10x_spi.o ABSOLUTE
    ..\SDK\src\stm32f10x_tim.c               0x00000000   Number         0  stm32f10x_tim.o ABSOLUTE
    ..\SDK\src\stm32f10x_usart.c             0x00000000   Number         0  stm32f10x_usart.o ABSOLUTE
    ..\SDK\src\stm32f10x_wwdg.c              0x00000000   Number         0  stm32f10x_wwdg.o ABSOLUTE
    ..\Startup\startup_stm32f10x_md.s        0x00000000   Number         0  startup_stm32f10x_md.o ABSOLUTE
    ..\\CMSIS\\core_cm3.c                    0x00000000   Number         0  core_cm3.o ABSOLUTE
    cdrcmple.s                               0x00000000   Number         0  cdrcmple.o ABSOLUTE
    dc.s                                     0x00000000   Number         0  dc.o ABSOLUTE
    handlers.s                               0x00000000   Number         0  handlers.o ABSOLUTE
    init.s                                   0x00000000   Number         0  init.o ABSOLUTE
    main.c                                   0x00000000   Number         0  main.o ABSOLUTE
    RESET                                    0x08000000   Section      236  startup_stm32f10x_md.o(RESET)
    .ARM.Collect$$$$00000000                 0x080000ec   Section        0  entry.o(.ARM.Collect$$$$00000000)
    .ARM.Collect$$$$00000001                 0x080000ec   Section        4  entry2.o(.ARM.Collect$$$$00000001)
    .ARM.Collect$$$$00000004                 0x080000f0   Section        4  entry5.o(.ARM.Collect$$$$00000004)
    .ARM.Collect$$$$00000008                 0x080000f4   Section        0  entry7b.o(.ARM.Collect$$$$00000008)
    .ARM.Collect$$$$0000000A                 0x080000f4   Section        0  entry8b.o(.ARM.Collect$$$$0000000A)
    .ARM.Collect$$$$0000000B                 0x080000f4   Section        8  entry9a.o(.ARM.Collect$$$$0000000B)
    .ARM.Collect$$$$0000000E                 0x080000fc   Section        4  entry12b.o(.ARM.Collect$$$$0000000E)
    .ARM.Collect$$$$0000000F                 0x08000100   Section        0  entry10a.o(.ARM.Collect$$$$0000000F)
    .ARM.Collect$$$$00000011                 0x08000100   Section        0  entry11a.o(.ARM.Collect$$$$00000011)
    .ARM.Collect$$$$00002712                 0x08000100   Section        4  entry2.o(.ARM.Collect$$$$00002712)
    __lit__00000000                          0x08000100   Data           4  entry2.o(.ARM.Collect$$$$00002712)
    .text                                    0x08000104   Section       36  startup_stm32f10x_md.o(.text)
    .text                                    0x08000128   Section        0  uldiv.o(.text)
    .text                                    0x0800018a   Section        0  memseta.o(.text)
    .text                                    0x080001ae   Section        0  strlen.o(.text)
    .text                                    0x080001bc   Section        0  uidiv.o(.text)
    .text                                    0x080001e8   Section        0  llshl.o(.text)
    .text                                    0x08000206   Section        0  llushr.o(.text)
    .text                                    0x08000228   Section       36  init.o(.text)
    i.BusFault_Handler                       0x0800024c   Section        0  stm32f10x_it.o(i.BusFault_Handler)
    i.DebugMon_Handler                       0x08000250   Section        0  stm32f10x_it.o(i.DebugMon_Handler)
    i.Debug_Out                              0x08000252   Section        0  mode.o(i.Debug_Out)
    i.GET_SysTick                            0x08000260   Section        0  base_sys_time.o(i.GET_SysTick)
    i.GPIO_Init                              0x080002b4   Section        0  stm32f10x_gpio.o(i.GPIO_Init)
    i.GPIO_PinRemapConfig                    0x080003cc   Section        0  stm32f10x_gpio.o(i.GPIO_PinRemapConfig)
    i.Get_Lose_Tiem                          0x0800045c   Section        0  mode_time.o(i.Get_Lose_Tiem)
    i.Get_RXD                                0x08000498   Section        0  mode_uart.o(i.Get_RXD)
    Get_RXD                                  0x08000499   Thumb Code    52  mode_uart.o(i.Get_RXD)
    i.Get_TIME                               0x080004cc   Section        0  mode_time.o(i.Get_TIME)
    i.HardFault_Handler                      0x08000564   Section        0  stm32f10x_it.o(i.HardFault_Handler)
    i.Hourly_to_Seconds                      0x08000568   Section        0  time_handle.o(i.Hourly_to_Seconds)
    i.LCD_Address_Set                        0x080005a0   Section        0  lcd.o(i.LCD_Address_Set)
    i.LCD_Delay                              0x080005da   Section        0  lcd.o(i.LCD_Delay)
    LCD_Delay                                0x080005db   Thumb Code    24  lcd.o(i.LCD_Delay)
    i.LCD_Draw_Circle                        0x080005f2   Section        0  lcd.o(i.LCD_Draw_Circle)
    i.LCD_Draw_Line                          0x08000690   Section        0  lcd.o(i.LCD_Draw_Line)
    i.LCD_Draw_Point                         0x0800073c   Section        0  lcd.o(i.LCD_Draw_Point)
    i.LCD_Draw_Rectangle                     0x08000758   Section        0  lcd.o(i.LCD_Draw_Rectangle)
    i.LCD_Fill                               0x080007a2   Section        0  lcd.o(i.LCD_Fill)
    i.LCD_GPIO_Init                          0x080007ec   Section        0  base_exist_gpio.o(i.LCD_GPIO_Init)
    i.LCD_Init                               0x08000848   Section        0  lcd.o(i.LCD_Init)
    i.LCD_Show_Char                          0x08000a18   Section        0  lcd.o(i.LCD_Show_Char)
    i.LCD_Show_Chinese                       0x08000a20   Section        0  lcd.o(i.LCD_Show_Chinese)
    i.LCD_Show_Chinese24x24                  0x08000a78   Section        0  lcd.o(i.LCD_Show_Chinese24x24)
    i.LCD_Show_Chinese32x32                  0x08000a80   Section        0  lcd.o(i.LCD_Show_Chinese32x32)
    i.LCD_Show_Picture                       0x08000a88   Section        0  lcd.o(i.LCD_Show_Picture)
    i.LCD_Show_String                        0x08000aee   Section        0  lcd.o(i.LCD_Show_String)
    i.LCD_WR_DATA                            0x08000b5c   Section        0  lcd.o(i.LCD_WR_DATA)
    i.LCD_WR_DATA8                           0x08000b7c   Section        0  lcd.o(i.LCD_WR_DATA8)
    i.LCD_WR_REG                             0x08000b94   Section        0  lcd.o(i.LCD_WR_REG)
    i.LCD_Writ_Bus                           0x08000bac   Section        0  lcd.o(i.LCD_Writ_Bus)
    i.LED_GPIO_Init                          0x08000bc8   Section        0  base_exist_gpio.o(i.LED_GPIO_Init)
    i.LED_Init                               0x08000c10   Section        0  led.o(i.LED_Init)
    i.LED_REG                                0x08000c30   Section        0  led.o(i.LED_REG)
    i.LED_SET                                0x08000c6c   Section        0  led.o(i.LED_SET)
    i.Main_Init                              0x08000cb0   Section        0  main.o(i.Main_Init)
    i.MemManage_Handler                      0x08000d44   Section        0  stm32f10x_it.o(i.MemManage_Handler)
    i.Mode_Index                             0x08000d48   Section        0  mode.o(i.Mode_Index)
    i.Mode_User_index                        0x08000d80   Section        0  mode.o(i.Mode_User_index)
    Mode_User_index                          0x08000d81   Thumb Code   100  mode.o(i.Mode_User_index)
    i.NMI_Handler                            0x08000e38   Section        0  stm32f10x_it.o(i.NMI_Handler)
    i.NVIC_Init                              0x08000e3c   Section        0  misc.o(i.NVIC_Init)
    i.NVIC_PriorityGroupConfig               0x08000eac   Section        0  misc.o(i.NVIC_PriorityGroupConfig)
    i.PendSV_Handler                         0x08000ec0   Section        0  stm32f10x_it.o(i.PendSV_Handler)
    i.RCC_APB1PeriphClockCmd                 0x08000ec4   Section        0  stm32f10x_rcc.o(i.RCC_APB1PeriphClockCmd)
    i.RCC_APB2PeriphClockCmd                 0x08000ee4   Section        0  stm32f10x_rcc.o(i.RCC_APB2PeriphClockCmd)
    i.RCC_GetClocksFreq                      0x08000f04   Section        0  stm32f10x_rcc.o(i.RCC_GetClocksFreq)
    i.SET_SysTick                            0x08000fd8   Section        0  base_sys_time.o(i.SET_SysTick)
    i.SPI2_GPIO_Init                         0x08001038   Section        0  base_spi.o(i.SPI2_GPIO_Init)
    i.SPI_CS_Set                             0x080010ac   Section        0  base_spi.o(i.SPI_CS_Set)
    i.SPI_Cmd                                0x080010dc   Section        0  stm32f10x_spi.o(i.SPI_Cmd)
    i.SPI_I2S_GetFlagStatus                  0x080010f4   Section        0  stm32f10x_spi.o(i.SPI_I2S_GetFlagStatus)
    i.SPI_I2S_SendData                       0x08001106   Section        0  stm32f10x_spi.o(i.SPI_I2S_SendData)
    i.SPI_Init                               0x0800110a   Section        0  stm32f10x_spi.o(i.SPI_Init)
    i.SPI_Send_DATA                          0x08001148   Section        0  base_spi.o(i.SPI_Send_DATA)
    i.SPI_Start_Init                         0x08001178   Section        0  base_spi.o(i.SPI_Start_Init)
    i.SVC_Handler                            0x080011e8   Section        0  stm32f10x_it.o(i.SVC_Handler)
    i.SYS_Delay_S                            0x080011ea   Section        0  base_sys_time.o(i.SYS_Delay_S)
    i.SYS_Delay_ms                           0x08001204   Section        0  base_sys_time.o(i.SYS_Delay_ms)
    i.SYS_Delay_us                           0x0800127c   Section        0  base_sys_time.o(i.SYS_Delay_us)
    i.Seconds_to_Hourly                      0x080012f8   Section        0  time_handle.o(i.Seconds_to_Hourly)
    i.SetSysClock                            0x08001376   Section        0  system_stm32f10x.o(i.SetSysClock)
    SetSysClock                              0x08001377   Thumb Code     8  system_stm32f10x.o(i.SetSysClock)
    i.SetSysClockTo72                        0x08001380   Section        0  system_stm32f10x.o(i.SetSysClockTo72)
    SetSysClockTo72                          0x08001381   Thumb Code   214  system_stm32f10x.o(i.SetSysClockTo72)
    i.Set_TIME                               0x08001460   Section        0  mode_time.o(i.Set_TIME)
    i.SysTick_Handler                        0x08001490   Section        0  base_sys_time.o(i.SysTick_Handler)
    i.Sys_Time_Init                          0x080014a0   Section        0  base_sys_time.o(i.Sys_Time_Init)
    i.SystemInit                             0x08001530   Section        0  system_stm32f10x.o(i.SystemInit)
    i.Time_Init                              0x08001590   Section        0  mode_time.o(i.Time_Init)
    i.UART_RXD_Flag                          0x0800159c   Section        0  base_uart.o(i.UART_RXD_Flag)
    i.UART_RXD_Flag_Clear                    0x080015f0   Section        0  base_uart.o(i.UART_RXD_Flag_Clear)
    i.UART_RXD_Receive                       0x08001640   Section        0  base_uart.o(i.UART_RXD_Receive)
    i.UART_Send_Data                         0x08001690   Section        0  mode_uart.o(i.UART_Send_Data)
    i.UART_Send_String                       0x080016c4   Section        0  mode_uart.o(i.UART_Send_String)
    i.UART_TXD_Send                          0x080016e0   Section        0  base_uart.o(i.UART_TXD_Send)
    i.USART1_IRQHandler                      0x0800174c   Section        0  mode_uart.o(i.USART1_IRQHandler)
    i.USART2_IRQHandler                      0x08001778   Section        0  mode_uart.o(i.USART2_IRQHandler)
    i.USART3_IRQHandler                      0x080017a4   Section        0  mode_uart.o(i.USART3_IRQHandler)
    i.USART_ClearFlag                        0x080017d0   Section        0  stm32f10x_usart.o(i.USART_ClearFlag)
    i.USART_Cmd                              0x080017e2   Section        0  stm32f10x_usart.o(i.USART_Cmd)
    i.USART_GetFlagStatus                    0x080017fa   Section        0  stm32f10x_usart.o(i.USART_GetFlagStatus)
    i.USART_GetITStatus                      0x08001814   Section        0  stm32f10x_usart.o(i.USART_GetITStatus)
    i.USART_ITConfig                         0x08001868   Section        0  stm32f10x_usart.o(i.USART_ITConfig)
    i.USART_Init                             0x080018b4   Section        0  stm32f10x_usart.o(i.USART_Init)
    i.USART_ReceiveData                      0x0800198c   Section        0  stm32f10x_usart.o(i.USART_ReceiveData)
    i.USART_SendData                         0x08001996   Section        0  stm32f10x_usart.o(i.USART_SendData)
    i.USART_StructInit                       0x0800199e   Section        0  stm32f10x_usart.o(i.USART_StructInit)
    i.Uart1_Init                             0x080019b8   Section        0  base_uart.o(i.Uart1_Init)
    i.Uart2_Init                             0x08001a7c   Section        0  base_uart.o(i.Uart2_Init)
    i.Uart3_Init                             0x08001b40   Section        0  base_uart.o(i.Uart3_Init)
    i.Uart_Init                              0x08001c14   Section        0  mode_uart.o(i.Uart_Init)
    i.UsageFault_Handler                     0x08001c7c   Section        0  stm32f10x_it.o(i.UsageFault_Handler)
    i.Voice                                  0x08001c80   Section        0  mode_mp3.o(i.Voice)
    i.Voice_Init                             0x08001cfc   Section        0  mode_mp3.o(i.Voice_Init)
    i.WS2812_Delay                           0x08001d0c   Section        0  led.o(i.WS2812_Delay)
    i.WS2812_Reset                           0x08001d28   Section        0  led.o(i.WS2812_Reset)
    i.WS2812_write_byte                      0x08001d50   Section        0  led.o(i.WS2812_write_byte)
    i.__0printf$6                            0x08001dbc   Section        0  printf6.o(i.__0printf$6)
    i.__scatterload_copy                     0x08001ddc   Section       14  handlers.o(i.__scatterload_copy)
    i.__scatterload_null                     0x08001dea   Section        2  handlers.o(i.__scatterload_null)
    i.__scatterload_zeroinit                 0x08001dec   Section       14  handlers.o(i.__scatterload_zeroinit)
    i._printf_core                           0x08001dfc   Section        0  printf6.o(i._printf_core)
    _printf_core                             0x08001dfd   Thumb Code   748  printf6.o(i._printf_core)
    i._printf_post_padding                   0x080020ec   Section        0  printf6.o(i._printf_post_padding)
    _printf_post_padding                     0x080020ed   Thumb Code    36  printf6.o(i._printf_post_padding)
    i._printf_pre_padding                    0x08002110   Section        0  printf6.o(i._printf_pre_padding)
    _printf_pre_padding                      0x08002111   Thumb Code    46  printf6.o(i._printf_pre_padding)
    i.fputc                                  0x0800213e   Section        0  base_uart.o(i.fputc)
    i.main                                   0x08002150   Section        0  main.o(i.main)
    .constdata                               0x080021b4   Section    51200  main.o(.constdata)
    .data                                    0x20000000   Section      104  main.o(.data)
    .data                                    0x20000068   Section        8  base_sys_time.o(.data)
    .data                                    0x20000070   Section        4  base_uart.o(.data)
    Temp                                     0x20000070   Data           4  base_uart.o(.data)
    .data                                    0x20000074   Section        2  lcd.o(.data)
    .data                                    0x20000076   Section        8  mode_mp3.o(.data)
    .data                                    0x20000080   Section       20  mode_time.o(.data)
    .data                                    0x20000094   Section       20  system_stm32f10x.o(.data)
    .data                                    0x200000a8   Section       20  stm32f10x_rcc.o(.data)
    APBAHBPrescTable                         0x200000a8   Data          16  stm32f10x_rcc.o(.data)
    ADCPrescTable                            0x200000b8   Data           4  stm32f10x_rcc.o(.data)
    .data                                    0x200000bc   Section        4  stdout.o(.data)
    .bss                                     0x200000c0   Section      104  mode.o(.bss)
    .bss                                     0x20000128   Section     1588  mode_uart.o(.bss)
    STACK                                    0x20000760   Section     1024  startup_stm32f10x_md.o(STACK)

    Global Symbols

    Symbol Name                              Value     Ov Type        Size  Object(Section)

    BuildAttributes$$THM_ISAv4$P$D$K$B$S$PE$A:L22UL41UL21$X:L11$S22US41US21$IEEE1$IW$USESV6$~STKCKD$USESV7$~SHL$OTIME$ROPI$IEEEJ$EBA8$MICROLIB$REQ8$PRES8$EABIv2 0x00000000   Number         0  anon$$obj.o ABSOLUTE
    __ARM_use_no_argv                        0x00000000   Number         0  main.o ABSOLUTE
    _printf_a                                0x00000000   Number         0  stubs.o ABSOLUTE
    _printf_c                                0x00000000   Number         0  stubs.o ABSOLUTE
    _printf_charcount                        0x00000000   Number         0  stubs.o ABSOLUTE
    _printf_d                                0x00000000   Number         0  stubs.o ABSOLUTE
    _printf_e                                0x00000000   Number         0  stubs.o ABSOLUTE
    _printf_f                                0x00000000   Number         0  stubs.o ABSOLUTE
    _printf_flags                            0x00000000   Number         0  stubs.o ABSOLUTE
    _printf_fp_dec                           0x00000000   Number         0  stubs.o ABSOLUTE
    _printf_fp_hex                           0x00000000   Number         0  stubs.o ABSOLUTE
    _printf_g                                0x00000000   Number         0  stubs.o ABSOLUTE
    _printf_i                                0x00000000   Number         0  stubs.o ABSOLUTE
    _printf_int_dec                          0x00000000   Number         0  stubs.o ABSOLUTE
    _printf_l                                0x00000000   Number         0  stubs.o ABSOLUTE
    _printf_lc                               0x00000000   Number         0  stubs.o ABSOLUTE
    _printf_ll                               0x00000000   Number         0  stubs.o ABSOLUTE
    _printf_lld                              0x00000000   Number         0  stubs.o ABSOLUTE
    _printf_lli                              0x00000000   Number         0  stubs.o ABSOLUTE
    _printf_llo                              0x00000000   Number         0  stubs.o ABSOLUTE
    _printf_llu                              0x00000000   Number         0  stubs.o ABSOLUTE
    _printf_llx                              0x00000000   Number         0  stubs.o ABSOLUTE
    _printf_longlong_dec                     0x00000000   Number         0  stubs.o ABSOLUTE
    _printf_longlong_hex                     0x00000000   Number         0  stubs.o ABSOLUTE
    _printf_longlong_oct                     0x00000000   Number         0  stubs.o ABSOLUTE
    _printf_ls                               0x00000000   Number         0  stubs.o ABSOLUTE
    _printf_mbtowc                           0x00000000   Number         0  stubs.o ABSOLUTE
    _printf_n                                0x00000000   Number         0  stubs.o ABSOLUTE
    _printf_o                                0x00000000   Number         0  stubs.o ABSOLUTE
    _printf_p                                0x00000000   Number         0  stubs.o ABSOLUTE
    _printf_percent                          0x00000000   Number         0  stubs.o ABSOLUTE
    _printf_pre_padding                      0x00000000   Number         0  stubs.o ABSOLUTE
    _printf_return_value                     0x00000000   Number         0  stubs.o ABSOLUTE
    _printf_s                                0x00000000   Number         0  stubs.o ABSOLUTE
    _printf_sizespec                         0x00000000   Number         0  stubs.o ABSOLUTE
    _printf_str                              0x00000000   Number         0  stubs.o ABSOLUTE
    _printf_truncate_signed                  0x00000000   Number         0  stubs.o ABSOLUTE
    _printf_truncate_unsigned                0x00000000   Number         0  stubs.o ABSOLUTE
    _printf_u                                0x00000000   Number         0  stubs.o ABSOLUTE
    _printf_wc                               0x00000000   Number         0  stubs.o ABSOLUTE
    _printf_wctomb                           0x00000000   Number         0  stubs.o ABSOLUTE
    _printf_widthprec                        0x00000000   Number         0  stubs.o ABSOLUTE
    _printf_x                                0x00000000   Number         0  stubs.o ABSOLUTE
    __arm_fini_                               - Undefined Weak Reference
    __cpp_initialize__aeabi_                  - Undefined Weak Reference
    __cxa_finalize                            - Undefined Weak Reference
    __decompress                              - Undefined Weak Reference
    _clock_init                               - Undefined Weak Reference
    _microlib_exit                            - Undefined Weak Reference
    __Vectors_Size                           0x000000ec   Number         0  startup_stm32f10x_md.o ABSOLUTE
    __Vectors                                0x08000000   Data           4  startup_stm32f10x_md.o(RESET)
    __Vectors_End                            0x080000ec   Data           0  startup_stm32f10x_md.o(RESET)
    __main                                   0x080000ed   Thumb Code     0  entry.o(.ARM.Collect$$$$00000000)
    _main_stk                                0x080000ed   Thumb Code     0  entry2.o(.ARM.Collect$$$$00000001)
    _main_scatterload                        0x080000f1   Thumb Code     0  entry5.o(.ARM.Collect$$$$00000004)
    __main_after_scatterload                 0x080000f5   Thumb Code     0  entry5.o(.ARM.Collect$$$$00000004)
    _main_clock                              0x080000f5   Thumb Code     0  entry7b.o(.ARM.Collect$$$$00000008)
    _main_cpp_init                           0x080000f5   Thumb Code     0  entry8b.o(.ARM.Collect$$$$0000000A)
    _main_init                               0x080000f5   Thumb Code     0  entry9a.o(.ARM.Collect$$$$0000000B)
    __rt_lib_shutdown_fini                   0x080000fd   Thumb Code     0  entry12b.o(.ARM.Collect$$$$0000000E)
    __rt_final_cpp                           0x08000101   Thumb Code     0  entry10a.o(.ARM.Collect$$$$0000000F)
    __rt_final_exit                          0x08000101   Thumb Code     0  entry11a.o(.ARM.Collect$$$$00000011)
    Reset_Handler                            0x08000105   Thumb Code     8  startup_stm32f10x_md.o(.text)
    ADC1_2_IRQHandler                        0x0800011f   Thumb Code     0  startup_stm32f10x_md.o(.text)
    CAN1_RX1_IRQHandler                      0x0800011f   Thumb Code     0  startup_stm32f10x_md.o(.text)
    CAN1_SCE_IRQHandler                      0x0800011f   Thumb Code     0  startup_stm32f10x_md.o(.text)
    DMA1_Channel1_IRQHandler                 0x0800011f   Thumb Code     0  startup_stm32f10x_md.o(.text)
    DMA1_Channel2_IRQHandler                 0x0800011f   Thumb Code     0  startup_stm32f10x_md.o(.text)
    DMA1_Channel3_IRQHandler                 0x0800011f   Thumb Code     0  startup_stm32f10x_md.o(.text)
    DMA1_Channel4_IRQHandler                 0x0800011f   Thumb Code     0  startup_stm32f10x_md.o(.text)
    DMA1_Channel5_IRQHandler                 0x0800011f   Thumb Code     0  startup_stm32f10x_md.o(.text)
    DMA1_Channel6_IRQHandler                 0x0800011f   Thumb Code     0  startup_stm32f10x_md.o(.text)
    DMA1_Channel7_IRQHandler                 0x0800011f   Thumb Code     0  startup_stm32f10x_md.o(.text)
    EXTI0_IRQHandler                         0x0800011f   Thumb Code     0  startup_stm32f10x_md.o(.text)
    EXTI15_10_IRQHandler                     0x0800011f   Thumb Code     0  startup_stm32f10x_md.o(.text)
    EXTI1_IRQHandler                         0x0800011f   Thumb Code     0  startup_stm32f10x_md.o(.text)
    EXTI2_IRQHandler                         0x0800011f   Thumb Code     0  startup_stm32f10x_md.o(.text)
    EXTI3_IRQHandler                         0x0800011f   Thumb Code     0  startup_stm32f10x_md.o(.text)
    EXTI4_IRQHandler                         0x0800011f   Thumb Code     0  startup_stm32f10x_md.o(.text)
    EXTI9_5_IRQHandler                       0x0800011f   Thumb Code     0  startup_stm32f10x_md.o(.text)
    FLASH_IRQHandler                         0x0800011f   Thumb Code     0  startup_stm32f10x_md.o(.text)
    I2C1_ER_IRQHandler                       0x0800011f   Thumb Code     0  startup_stm32f10x_md.o(.text)
    I2C1_EV_IRQHandler                       0x0800011f   Thumb Code     0  startup_stm32f10x_md.o(.text)
    I2C2_ER_IRQHandler                       0x0800011f   Thumb Code     0  startup_stm32f10x_md.o(.text)
    I2C2_EV_IRQHandler                       0x0800011f   Thumb Code     0  startup_stm32f10x_md.o(.text)
    PVD_IRQHandler                           0x0800011f   Thumb Code     0  startup_stm32f10x_md.o(.text)
    RCC_IRQHandler                           0x0800011f   Thumb Code     0  startup_stm32f10x_md.o(.text)
    RTCAlarm_IRQHandler                      0x0800011f   Thumb Code     0  startup_stm32f10x_md.o(.text)
    RTC_IRQHandler                           0x0800011f   Thumb Code     0  startup_stm32f10x_md.o(.text)
    SPI1_IRQHandler                          0x0800011f   Thumb Code     0  startup_stm32f10x_md.o(.text)
    SPI2_IRQHandler                          0x0800011f   Thumb Code     0  startup_stm32f10x_md.o(.text)
    TAMPER_IRQHandler                        0x0800011f   Thumb Code     0  startup_stm32f10x_md.o(.text)
    TIM1_BRK_IRQHandler                      0x0800011f   Thumb Code     0  startup_stm32f10x_md.o(.text)
    TIM1_CC_IRQHandler                       0x0800011f   Thumb Code     0  startup_stm32f10x_md.o(.text)
    TIM1_TRG_COM_IRQHandler                  0x0800011f   Thumb Code     0  startup_stm32f10x_md.o(.text)
    TIM1_UP_IRQHandler                       0x0800011f   Thumb Code     0  startup_stm32f10x_md.o(.text)
    TIM2_IRQHandler                          0x0800011f   Thumb Code     0  startup_stm32f10x_md.o(.text)
    TIM3_IRQHandler                          0x0800011f   Thumb Code     0  startup_stm32f10x_md.o(.text)
    TIM4_IRQHandler                          0x0800011f   Thumb Code     0  startup_stm32f10x_md.o(.text)
    USBWakeUp_IRQHandler                     0x0800011f   Thumb Code     0  startup_stm32f10x_md.o(.text)
    USB_HP_CAN1_TX_IRQHandler                0x0800011f   Thumb Code     0  startup_stm32f10x_md.o(.text)
    USB_LP_CAN1_RX0_IRQHandler               0x0800011f   Thumb Code     0  startup_stm32f10x_md.o(.text)
    WWDG_IRQHandler                          0x0800011f   Thumb Code     0  startup_stm32f10x_md.o(.text)
    __aeabi_uldivmod                         0x08000129   Thumb Code    98  uldiv.o(.text)
    __aeabi_memset                           0x0800018b   Thumb Code    14  memseta.o(.text)
    __aeabi_memset4                          0x0800018b   Thumb Code     0  memseta.o(.text)
    __aeabi_memset8                          0x0800018b   Thumb Code     0  memseta.o(.text)
    __aeabi_memclr                           0x08000199   Thumb Code     4  memseta.o(.text)
    __aeabi_memclr4                          0x08000199   Thumb Code     0  memseta.o(.text)
    __aeabi_memclr8                          0x08000199   Thumb Code     0  memseta.o(.text)
    _memset$wrapper                          0x0800019d   Thumb Code    18  memseta.o(.text)
    strlen                                   0x080001af   Thumb Code    14  strlen.o(.text)
    __aeabi_uidiv                            0x080001bd   Thumb Code     0  uidiv.o(.text)
    __aeabi_uidivmod                         0x080001bd   Thumb Code    44  uidiv.o(.text)
    __aeabi_llsl                             0x080001e9   Thumb Code    30  llshl.o(.text)
    _ll_shift_l                              0x080001e9   Thumb Code     0  llshl.o(.text)
    __aeabi_llsr                             0x08000207   Thumb Code    32  llushr.o(.text)
    _ll_ushift_r                             0x08000207   Thumb Code     0  llushr.o(.text)
    __scatterload                            0x08000229   Thumb Code    28  init.o(.text)
    __scatterload_rt2                        0x08000229   Thumb Code     0  init.o(.text)
    BusFault_Handler                         0x0800024d   Thumb Code     4  stm32f10x_it.o(i.BusFault_Handler)
    DebugMon_Handler                         0x08000251   Thumb Code     2  stm32f10x_it.o(i.DebugMon_Handler)
    Debug_Out                                0x08000253   Thumb Code    14  mode.o(i.Debug_Out)
    GET_SysTick                              0x08000261   Thumb Code    76  base_sys_time.o(i.GET_SysTick)
    GPIO_Init                                0x080002b5   Thumb Code   278  stm32f10x_gpio.o(i.GPIO_Init)
    GPIO_PinRemapConfig                      0x080003cd   Thumb Code   138  stm32f10x_gpio.o(i.GPIO_PinRemapConfig)
    Get_Lose_Tiem                            0x0800045d   Thumb Code    60  mode_time.o(i.Get_Lose_Tiem)
    Get_TIME                                 0x080004cd   Thumb Code   136  mode_time.o(i.Get_TIME)
    HardFault_Handler                        0x08000565   Thumb Code     4  stm32f10x_it.o(i.HardFault_Handler)
    Hourly_to_Seconds                        0x08000569   Thumb Code    50  time_handle.o(i.Hourly_to_Seconds)
    LCD_Address_Set                          0x080005a1   Thumb Code    58  lcd.o(i.LCD_Address_Set)
    LCD_Draw_Circle                          0x080005f3   Thumb Code   158  lcd.o(i.LCD_Draw_Circle)
    LCD_Draw_Line                            0x08000691   Thumb Code   172  lcd.o(i.LCD_Draw_Line)
    LCD_Draw_Point                           0x0800073d   Thumb Code    28  lcd.o(i.LCD_Draw_Point)
    LCD_Draw_Rectangle                       0x08000759   Thumb Code    74  lcd.o(i.LCD_Draw_Rectangle)
    LCD_Fill                                 0x080007a3   Thumb Code    74  lcd.o(i.LCD_Fill)
    LCD_GPIO_Init                            0x080007ed   Thumb Code    84  base_exist_gpio.o(i.LCD_GPIO_Init)
    LCD_Init                                 0x08000849   Thumb Code   456  lcd.o(i.LCD_Init)
    LCD_Show_Char                            0x08000a19   Thumb Code     8  lcd.o(i.LCD_Show_Char)
    LCD_Show_Chinese                         0x08000a21   Thumb Code    88  lcd.o(i.LCD_Show_Chinese)
    LCD_Show_Chinese24x24                    0x08000a79   Thumb Code     8  lcd.o(i.LCD_Show_Chinese24x24)
    LCD_Show_Chinese32x32                    0x08000a81   Thumb Code     8  lcd.o(i.LCD_Show_Chinese32x32)
    LCD_Show_Picture                         0x08000a89   Thumb Code   102  lcd.o(i.LCD_Show_Picture)
    LCD_Show_String                          0x08000aef   Thumb Code   110  lcd.o(i.LCD_Show_String)
    LCD_WR_DATA                              0x08000b5d   Thumb Code    26  lcd.o(i.LCD_WR_DATA)
    LCD_WR_DATA8                             0x08000b7d   Thumb Code    20  lcd.o(i.LCD_WR_DATA8)
    LCD_WR_REG                               0x08000b95   Thumb Code    20  lcd.o(i.LCD_WR_REG)
    LCD_Writ_Bus                             0x08000bad   Thumb Code    28  lcd.o(i.LCD_Writ_Bus)
    LED_GPIO_Init                            0x08000bc9   Thumb Code    68  base_exist_gpio.o(i.LED_GPIO_Init)
    LED_Init                                 0x08000c11   Thumb Code    32  led.o(i.LED_Init)
    LED_REG                                  0x08000c31   Thumb Code    58  led.o(i.LED_REG)
    LED_SET                                  0x08000c6d   Thumb Code    64  led.o(i.LED_SET)
    Main_Init                                0x08000cb1   Thumb Code   112  main.o(i.Main_Init)
    MemManage_Handler                        0x08000d45   Thumb Code     4  stm32f10x_it.o(i.MemManage_Handler)
    Mode_Index                               0x08000d49   Thumb Code    30  mode.o(i.Mode_Index)
    NMI_Handler                              0x08000e39   Thumb Code     2  stm32f10x_it.o(i.NMI_Handler)
    NVIC_Init                                0x08000e3d   Thumb Code   100  misc.o(i.NVIC_Init)
    NVIC_PriorityGroupConfig                 0x08000ead   Thumb Code    10  misc.o(i.NVIC_PriorityGroupConfig)
    PendSV_Handler                           0x08000ec1   Thumb Code     2  stm32f10x_it.o(i.PendSV_Handler)
    RCC_APB1PeriphClockCmd                   0x08000ec5   Thumb Code    26  stm32f10x_rcc.o(i.RCC_APB1PeriphClockCmd)
    RCC_APB2PeriphClockCmd                   0x08000ee5   Thumb Code    26  stm32f10x_rcc.o(i.RCC_APB2PeriphClockCmd)
    RCC_GetClocksFreq                        0x08000f05   Thumb Code   192  stm32f10x_rcc.o(i.RCC_GetClocksFreq)
    SET_SysTick                              0x08000fd9   Thumb Code    86  base_sys_time.o(i.SET_SysTick)
    SPI2_GPIO_Init                           0x08001039   Thumb Code   112  base_spi.o(i.SPI2_GPIO_Init)
    SPI_CS_Set                               0x080010ad   Thumb Code    42  base_spi.o(i.SPI_CS_Set)
    SPI_Cmd                                  0x080010dd   Thumb Code    24  stm32f10x_spi.o(i.SPI_Cmd)
    SPI_I2S_GetFlagStatus                    0x080010f5   Thumb Code    18  stm32f10x_spi.o(i.SPI_I2S_GetFlagStatus)
    SPI_I2S_SendData                         0x08001107   Thumb Code     4  stm32f10x_spi.o(i.SPI_I2S_SendData)
    SPI_Init                                 0x0800110b   Thumb Code    60  stm32f10x_spi.o(i.SPI_Init)
    SPI_Send_DATA                            0x08001149   Thumb Code    44  base_spi.o(i.SPI_Send_DATA)
    SPI_Start_Init                           0x08001179   Thumb Code   108  base_spi.o(i.SPI_Start_Init)
    SVC_Handler                              0x080011e9   Thumb Code     2  stm32f10x_it.o(i.SVC_Handler)
    SYS_Delay_S                              0x080011eb   Thumb Code    24  base_sys_time.o(i.SYS_Delay_S)
    SYS_Delay_ms                             0x08001205   Thumb Code   112  base_sys_time.o(i.SYS_Delay_ms)
    SYS_Delay_us                             0x0800127d   Thumb Code   110  base_sys_time.o(i.SYS_Delay_us)
    Seconds_to_Hourly                        0x080012f9   Thumb Code   126  time_handle.o(i.Seconds_to_Hourly)
    Set_TIME                                 0x08001461   Thumb Code    44  mode_time.o(i.Set_TIME)
    SysTick_Handler                          0x08001491   Thumb Code    12  base_sys_time.o(i.SysTick_Handler)
    Sys_Time_Init                            0x080014a1   Thumb Code   128  base_sys_time.o(i.Sys_Time_Init)
    SystemInit                               0x08001531   Thumb Code    78  system_stm32f10x.o(i.SystemInit)
    Time_Init                                0x08001591   Thumb Code    12  mode_time.o(i.Time_Init)
    UART_RXD_Flag                            0x0800159d   Thumb Code    68  base_uart.o(i.UART_RXD_Flag)
    UART_RXD_Flag_Clear                      0x080015f1   Thumb Code    64  base_uart.o(i.UART_RXD_Flag_Clear)
    UART_RXD_Receive                         0x08001641   Thumb Code    64  base_uart.o(i.UART_RXD_Receive)
    UART_Send_Data                           0x08001691   Thumb Code    52  mode_uart.o(i.UART_Send_Data)
    UART_Send_String                         0x080016c5   Thumb Code    26  mode_uart.o(i.UART_Send_String)
    UART_TXD_Send                            0x080016e1   Thumb Code    92  base_uart.o(i.UART_TXD_Send)
    USART1_IRQHandler                        0x0800174d   Thumb Code    40  mode_uart.o(i.USART1_IRQHandler)
    USART2_IRQHandler                        0x08001779   Thumb Code    40  mode_uart.o(i.USART2_IRQHandler)
    USART3_IRQHandler                        0x080017a5   Thumb Code    40  mode_uart.o(i.USART3_IRQHandler)
    USART_ClearFlag                          0x080017d1   Thumb Code    18  stm32f10x_usart.o(i.USART_ClearFlag)
    USART_Cmd                                0x080017e3   Thumb Code    24  stm32f10x_usart.o(i.USART_Cmd)
    USART_GetFlagStatus                      0x080017fb   Thumb Code    26  stm32f10x_usart.o(i.USART_GetFlagStatus)
    USART_GetITStatus                        0x08001815   Thumb Code    84  stm32f10x_usart.o(i.USART_GetITStatus)
    USART_ITConfig                           0x08001869   Thumb Code    74  stm32f10x_usart.o(i.USART_ITConfig)
    USART_Init                               0x080018b5   Thumb Code   210  stm32f10x_usart.o(i.USART_Init)
    USART_ReceiveData                        0x0800198d   Thumb Code    10  stm32f10x_usart.o(i.USART_ReceiveData)
    USART_SendData                           0x08001997   Thumb Code     8  stm32f10x_usart.o(i.USART_SendData)
    USART_StructInit                         0x0800199f   Thumb Code    24  stm32f10x_usart.o(i.USART_StructInit)
    Uart1_Init                               0x080019b9   Thumb Code   188  base_uart.o(i.Uart1_Init)
    Uart2_Init                               0x08001a7d   Thumb Code   186  base_uart.o(i.Uart2_Init)
    Uart3_Init                               0x08001b41   Thumb Code   198  base_uart.o(i.Uart3_Init)
    Uart_Init                                0x08001c15   Thumb Code    88  mode_uart.o(i.Uart_Init)
    UsageFault_Handler                       0x08001c7d   Thumb Code     4  stm32f10x_it.o(i.UsageFault_Handler)
    Voice                                    0x08001c81   Thumb Code   118  mode_mp3.o(i.Voice)
    Voice_Init                               0x08001cfd   Thumb Code    16  mode_mp3.o(i.Voice_Init)
    WS2812_Delay                             0x08001d0d   Thumb Code    26  led.o(i.WS2812_Delay)
    WS2812_Reset                             0x08001d29   Thumb Code    36  led.o(i.WS2812_Reset)
    WS2812_write_byte                        0x08001d51   Thumb Code   102  led.o(i.WS2812_write_byte)
    __0printf$6                              0x08001dbd   Thumb Code    22  printf6.o(i.__0printf$6)
    __1printf$6                              0x08001dbd   Thumb Code     0  printf6.o(i.__0printf$6)
    __2printf                                0x08001dbd   Thumb Code     0  printf6.o(i.__0printf$6)
    __scatterload_copy                       0x08001ddd   Thumb Code    14  handlers.o(i.__scatterload_copy)
    __scatterload_null                       0x08001deb   Thumb Code     2  handlers.o(i.__scatterload_null)
    __scatterload_zeroinit                   0x08001ded   Thumb Code    14  handlers.o(i.__scatterload_zeroinit)
    fputc                                    0x0800213f   Thumb Code    18  base_uart.o(i.fputc)
    main                                     0x08002151   Thumb Code    62  main.o(i.main)
    gImage_duck                              0x080021b4   Data       51200  main.o(.constdata)
    Region$$Table$$Base                      0x0800e9b4   Number         0  anon$$obj.o(Region$$Table)
    Region$$Table$$Limit                     0x0800e9d4   Number         0  anon$$obj.o(Region$$Table)
    Temp_u8                                  0x20000000   Data           1  main.o(.data)
    Temp_str                                 0x20000001   Data         100  main.o(.data)
    Color_LED                                0x20000065   Data           3  main.o(.data)
    SYS_Ticktime                             0x20000068   Data           8  base_sys_time.o(.data)
    BACK_COLOR                               0x20000074   Data           2  lcd.o(.data)
    Array_mp3                                0x20000076   Data           8  mode_mp3.o(.data)
    SYS_Time                                 0x20000080   Data          20  mode_time.o(.data)
    SystemCoreClock                          0x20000094   Data           4  system_stm32f10x.o(.data)
    AHBPrescTable                            0x20000098   Data          16  system_stm32f10x.o(.data)
    __stdout                                 0x200000bc   Data           4  stdout.o(.data)
    Mode_Init                                0x200000c0   Data          24  mode.o(.bss)
    Mode_User                                0x200000d8   Data          80  mode.o(.bss)
    UART1_Data                               0x20000128   Data         524  mode_uart.o(.bss)
    UART2_Data                               0x20000334   Data         524  mode_uart.o(.bss)
    UART3_Data                               0x20000540   Data         524  mode_uart.o(.bss)
    CV_UART                                  0x2000074c   Data          16  mode_uart.o(.bss)
    __initial_sp                             0x20000b60   Data           0  startup_stm32f10x_md.o(STACK)



==============================================================================

Memory Map of the image

  Image Entry point : 0x080000ed

  Load Region LR_IROM1 (Base: 0x08000000, Size: 0x0000ea94, Max: 0x00010000, ABSOLUTE)

    Execution Region ER_IROM1 (Exec base: 0x08000000, Load base: 0x08000000, Size: 0x0000e9d4, Max: 0x00010000, ABSOLUTE)

    Exec Addr    Load Addr    Size         Type   Attr      Idx    E Section Name        Object

    0x08000000   0x08000000   0x000000ec   Data   RO          962    RESET               startup_stm32f10x_md.o
    0x080000ec   0x080000ec   0x00000000   Code   RO         4040  * .ARM.Collect$$$$00000000  mc_w.l(entry.o)
    0x080000ec   0x080000ec   0x00000004   Code   RO         4318    .ARM.Collect$$$$00000001  mc_w.l(entry2.o)
    0x080000f0   0x080000f0   0x00000004   Code   RO         4321    .ARM.Collect$$$$00000004  mc_w.l(entry5.o)
    0x080000f4   0x080000f4   0x00000000   Code   RO         4323    .ARM.Collect$$$$00000008  mc_w.l(entry7b.o)
    0x080000f4   0x080000f4   0x00000000   Code   RO         4325    .ARM.Collect$$$$0000000A  mc_w.l(entry8b.o)
    0x080000f4   0x080000f4   0x00000008   Code   RO         4326    .ARM.Collect$$$$0000000B  mc_w.l(entry9a.o)
    0x080000fc   0x080000fc   0x00000004   Code   RO         4333    .ARM.Collect$$$$0000000E  mc_w.l(entry12b.o)
    0x08000100   0x08000100   0x00000000   Code   RO         4328    .ARM.Collect$$$$0000000F  mc_w.l(entry10a.o)
    0x08000100   0x08000100   0x00000000   Code   RO         4330    .ARM.Collect$$$$00000011  mc_w.l(entry11a.o)
    0x08000100   0x08000100   0x00000004   Code   RO         4319    .ARM.Collect$$$$00002712  mc_w.l(entry2.o)
    0x08000104   0x08000104   0x00000024   Code   RO          963    .text               startup_stm32f10x_md.o
    0x08000128   0x08000128   0x00000062   Code   RO         4043    .text               mc_w.l(uldiv.o)
    0x0800018a   0x0800018a   0x00000024   Code   RO         4047    .text               mc_w.l(memseta.o)
    0x080001ae   0x080001ae   0x0000000e   Code   RO         4049    .text               mc_w.l(strlen.o)
    0x080001bc   0x080001bc   0x0000002c   Code   RO         4335    .text               mc_w.l(uidiv.o)
    0x080001e8   0x080001e8   0x0000001e   Code   RO         4337    .text               mc_w.l(llshl.o)
    0x08000206   0x08000206   0x00000020   Code   RO         4339    .text               mc_w.l(llushr.o)
    0x08000226   0x08000226   0x00000002   PAD
    0x08000228   0x08000228   0x00000024   Code   RO         4363    .text               mc_w.l(init.o)
    0x0800024c   0x0800024c   0x00000004   Code   RO          968    i.BusFault_Handler  stm32f10x_it.o
    0x08000250   0x08000250   0x00000002   Code   RO          969    i.DebugMon_Handler  stm32f10x_it.o
    0x08000252   0x08000252   0x0000000e   Code   RO          644    i.Debug_Out         mode.o
    0x08000260   0x08000260   0x00000054   Code   RO          216    i.GET_SysTick       base_sys_time.o
    0x080002b4   0x080002b4   0x00000116   Code   RO         2220    i.GPIO_Init         stm32f10x_gpio.o
    0x080003ca   0x080003ca   0x00000002   PAD
    0x080003cc   0x080003cc   0x00000090   Code   RO         2222    i.GPIO_PinRemapConfig  stm32f10x_gpio.o
    0x0800045c   0x0800045c   0x0000003c   Code   RO          706    i.Get_Lose_Tiem     mode_time.o
    0x08000498   0x08000498   0x00000034   Code   RO          776    i.Get_RXD           mode_uart.o
    0x080004cc   0x080004cc   0x00000098   Code   RO          707    i.Get_TIME          mode_time.o
    0x08000564   0x08000564   0x00000004   Code   RO          970    i.HardFault_Handler  stm32f10x_it.o
    0x08000568   0x08000568   0x00000038   Code   RO          936    i.Hourly_to_Seconds  time_handle.o
    0x080005a0   0x080005a0   0x0000003a   Code   RO          477    i.LCD_Address_Set   lcd.o
    0x080005da   0x080005da   0x00000018   Code   RO          478    i.LCD_Delay         lcd.o
    0x080005f2   0x080005f2   0x0000009e   Code   RO          479    i.LCD_Draw_Circle   lcd.o
    0x08000690   0x08000690   0x000000ac   Code   RO          480    i.LCD_Draw_Line     lcd.o
    0x0800073c   0x0800073c   0x0000001c   Code   RO          481    i.LCD_Draw_Point    lcd.o
    0x08000758   0x08000758   0x0000004a   Code   RO          482    i.LCD_Draw_Rectangle  lcd.o
    0x080007a2   0x080007a2   0x0000004a   Code   RO          483    i.LCD_Fill          lcd.o
    0x080007ec   0x080007ec   0x0000005c   Code   RO          177    i.LCD_GPIO_Init     base_exist_gpio.o
    0x08000848   0x08000848   0x000001d0   Code   RO          484    i.LCD_Init          lcd.o
    0x08000a18   0x08000a18   0x00000008   Code   RO          485    i.LCD_Show_Char     lcd.o
    0x08000a20   0x08000a20   0x00000058   Code   RO          486    i.LCD_Show_Chinese  lcd.o
    0x08000a78   0x08000a78   0x00000008   Code   RO          487    i.LCD_Show_Chinese24x24  lcd.o
    0x08000a80   0x08000a80   0x00000008   Code   RO          488    i.LCD_Show_Chinese32x32  lcd.o
    0x08000a88   0x08000a88   0x00000066   Code   RO          489    i.LCD_Show_Picture  lcd.o
    0x08000aee   0x08000aee   0x0000006e   Code   RO          490    i.LCD_Show_String   lcd.o
    0x08000b5c   0x08000b5c   0x00000020   Code   RO          491    i.LCD_WR_DATA       lcd.o
    0x08000b7c   0x08000b7c   0x00000018   Code   RO          492    i.LCD_WR_DATA8      lcd.o
    0x08000b94   0x08000b94   0x00000018   Code   RO          493    i.LCD_WR_REG        lcd.o
    0x08000bac   0x08000bac   0x0000001c   Code   RO          494    i.LCD_Writ_Bus      lcd.o
    0x08000bc8   0x08000bc8   0x00000048   Code   RO          178    i.LED_GPIO_Init     base_exist_gpio.o
    0x08000c10   0x08000c10   0x00000020   Code   RO          599    i.LED_Init          led.o
    0x08000c30   0x08000c30   0x0000003a   Code   RO          600    i.LED_REG           led.o
    0x08000c6a   0x08000c6a   0x00000002   PAD
    0x08000c6c   0x08000c6c   0x00000044   Code   RO          601    i.LED_SET           led.o
    0x08000cb0   0x08000cb0   0x00000094   Code   RO            1    i.Main_Init         main.o
    0x08000d44   0x08000d44   0x00000004   Code   RO          971    i.MemManage_Handler  stm32f10x_it.o
    0x08000d48   0x08000d48   0x00000038   Code   RO          645    i.Mode_Index        mode.o
    0x08000d80   0x08000d80   0x000000b8   Code   RO          646    i.Mode_User_index   mode.o
    0x08000e38   0x08000e38   0x00000002   Code   RO          972    i.NMI_Handler       stm32f10x_it.o
    0x08000e3a   0x08000e3a   0x00000002   PAD
    0x08000e3c   0x08000e3c   0x00000070   Code   RO         1069    i.NVIC_Init         misc.o
    0x08000eac   0x08000eac   0x00000014   Code   RO         1070    i.NVIC_PriorityGroupConfig  misc.o
    0x08000ec0   0x08000ec0   0x00000002   Code   RO          973    i.PendSV_Handler    stm32f10x_it.o
    0x08000ec2   0x08000ec2   0x00000002   PAD
    0x08000ec4   0x08000ec4   0x00000020   Code   RO         2636    i.RCC_APB1PeriphClockCmd  stm32f10x_rcc.o
    0x08000ee4   0x08000ee4   0x00000020   Code   RO         2638    i.RCC_APB2PeriphClockCmd  stm32f10x_rcc.o
    0x08000f04   0x08000f04   0x000000d4   Code   RO         2646    i.RCC_GetClocksFreq  stm32f10x_rcc.o
    0x08000fd8   0x08000fd8   0x00000060   Code   RO          217    i.SET_SysTick       base_sys_time.o
    0x08001038   0x08001038   0x00000074   Code   RO          340    i.SPI2_GPIO_Init    base_spi.o
    0x080010ac   0x080010ac   0x00000030   Code   RO          341    i.SPI_CS_Set        base_spi.o
    0x080010dc   0x080010dc   0x00000018   Code   RO         3115    i.SPI_Cmd           stm32f10x_spi.o
    0x080010f4   0x080010f4   0x00000012   Code   RO         3123    i.SPI_I2S_GetFlagStatus  stm32f10x_spi.o
    0x08001106   0x08001106   0x00000004   Code   RO         3127    i.SPI_I2S_SendData  stm32f10x_spi.o
    0x0800110a   0x0800110a   0x0000003c   Code   RO         3128    i.SPI_Init          stm32f10x_spi.o
    0x08001146   0x08001146   0x00000002   PAD
    0x08001148   0x08001148   0x00000030   Code   RO          345    i.SPI_Send_DATA     base_spi.o
    0x08001178   0x08001178   0x00000070   Code   RO          346    i.SPI_Start_Init    base_spi.o
    0x080011e8   0x080011e8   0x00000002   Code   RO          974    i.SVC_Handler       stm32f10x_it.o
    0x080011ea   0x080011ea   0x00000018   Code   RO          218    i.SYS_Delay_S       base_sys_time.o
    0x08001202   0x08001202   0x00000002   PAD
    0x08001204   0x08001204   0x00000078   Code   RO          219    i.SYS_Delay_ms      base_sys_time.o
    0x0800127c   0x0800127c   0x0000007c   Code   RO          220    i.SYS_Delay_us      base_sys_time.o
    0x080012f8   0x080012f8   0x0000007e   Code   RO          938    i.Seconds_to_Hourly  time_handle.o
    0x08001376   0x08001376   0x00000008   Code   RO         1025    i.SetSysClock       system_stm32f10x.o
    0x0800137e   0x0800137e   0x00000002   PAD
    0x08001380   0x08001380   0x000000e0   Code   RO         1026    i.SetSysClockTo72   system_stm32f10x.o
    0x08001460   0x08001460   0x00000030   Code   RO          708    i.Set_TIME          mode_time.o
    0x08001490   0x08001490   0x00000010   Code   RO          221    i.SysTick_Handler   base_sys_time.o
    0x080014a0   0x080014a0   0x00000090   Code   RO          222    i.Sys_Time_Init     base_sys_time.o
    0x08001530   0x08001530   0x00000060   Code   RO         1028    i.SystemInit        system_stm32f10x.o
    0x08001590   0x08001590   0x0000000c   Code   RO          709    i.Time_Init         mode_time.o
    0x0800159c   0x0800159c   0x00000054   Code   RO          271    i.UART_RXD_Flag     base_uart.o
    0x080015f0   0x080015f0   0x00000050   Code   RO          272    i.UART_RXD_Flag_Clear  base_uart.o
    0x08001640   0x08001640   0x00000050   Code   RO          273    i.UART_RXD_Receive  base_uart.o
    0x08001690   0x08001690   0x00000034   Code   RO          777    i.UART_Send_Data    mode_uart.o
    0x080016c4   0x080016c4   0x0000001a   Code   RO          778    i.UART_Send_String  mode_uart.o
    0x080016de   0x080016de   0x00000002   PAD
    0x080016e0   0x080016e0   0x0000006c   Code   RO          274    i.UART_TXD_Send     base_uart.o
    0x0800174c   0x0800174c   0x0000002c   Code   RO          779    i.USART1_IRQHandler  mode_uart.o
    0x08001778   0x08001778   0x0000002c   Code   RO          780    i.USART2_IRQHandler  mode_uart.o
    0x080017a4   0x080017a4   0x0000002c   Code   RO          781    i.USART3_IRQHandler  mode_uart.o
    0x080017d0   0x080017d0   0x00000012   Code   RO         3802    i.USART_ClearFlag   stm32f10x_usart.o
    0x080017e2   0x080017e2   0x00000018   Code   RO         3806    i.USART_Cmd         stm32f10x_usart.o
    0x080017fa   0x080017fa   0x0000001a   Code   RO         3809    i.USART_GetFlagStatus  stm32f10x_usart.o
    0x08001814   0x08001814   0x00000054   Code   RO         3810    i.USART_GetITStatus  stm32f10x_usart.o
    0x08001868   0x08001868   0x0000004a   Code   RO         3812    i.USART_ITConfig    stm32f10x_usart.o
    0x080018b2   0x080018b2   0x00000002   PAD
    0x080018b4   0x080018b4   0x000000d8   Code   RO         3813    i.USART_Init        stm32f10x_usart.o
    0x0800198c   0x0800198c   0x0000000a   Code   RO         3820    i.USART_ReceiveData  stm32f10x_usart.o
    0x08001996   0x08001996   0x00000008   Code   RO         3823    i.USART_SendData    stm32f10x_usart.o
    0x0800199e   0x0800199e   0x00000018   Code   RO         3829    i.USART_StructInit  stm32f10x_usart.o
    0x080019b6   0x080019b6   0x00000002   PAD
    0x080019b8   0x080019b8   0x000000c4   Code   RO          275    i.Uart1_Init        base_uart.o
    0x08001a7c   0x08001a7c   0x000000c4   Code   RO          276    i.Uart2_Init        base_uart.o
    0x08001b40   0x08001b40   0x000000d4   Code   RO          277    i.Uart3_Init        base_uart.o
    0x08001c14   0x08001c14   0x00000068   Code   RO          782    i.Uart_Init         mode_uart.o
    0x08001c7c   0x08001c7c   0x00000004   Code   RO          975    i.UsageFault_Handler  stm32f10x_it.o
    0x08001c80   0x08001c80   0x0000007c   Code   RO          682    i.Voice             mode_mp3.o
    0x08001cfc   0x08001cfc   0x00000010   Code   RO          683    i.Voice_Init        mode_mp3.o
    0x08001d0c   0x08001d0c   0x0000001a   Code   RO          602    i.WS2812_Delay      led.o
    0x08001d26   0x08001d26   0x00000002   PAD
    0x08001d28   0x08001d28   0x00000028   Code   RO          603    i.WS2812_Reset      led.o
    0x08001d50   0x08001d50   0x0000006c   Code   RO          604    i.WS2812_write_byte  led.o
    0x08001dbc   0x08001dbc   0x00000020   Code   RO         4210    i.__0printf$6       mc_w.l(printf6.o)
    0x08001ddc   0x08001ddc   0x0000000e   Code   RO         4384    i.__scatterload_copy  mc_w.l(handlers.o)
    0x08001dea   0x08001dea   0x00000002   Code   RO         4385    i.__scatterload_null  mc_w.l(handlers.o)
    0x08001dec   0x08001dec   0x0000000e   Code   RO         4386    i.__scatterload_zeroinit  mc_w.l(handlers.o)
    0x08001dfa   0x08001dfa   0x00000002   PAD
    0x08001dfc   0x08001dfc   0x000002f0   Code   RO         4217    i._printf_core      mc_w.l(printf6.o)
    0x080020ec   0x080020ec   0x00000024   Code   RO         4218    i._printf_post_padding  mc_w.l(printf6.o)
    0x08002110   0x08002110   0x0000002e   Code   RO         4219    i._printf_pre_padding  mc_w.l(printf6.o)
    0x0800213e   0x0800213e   0x00000012   Code   RO          280    i.fputc             base_uart.o
    0x08002150   0x08002150   0x00000064   Code   RO            2    i.main              main.o
    0x080021b4   0x080021b4   0x0000c800   Data   RO            3    .constdata          main.o
    0x0800e9b4   0x0800e9b4   0x00000020   Data   RO         4382    Region$$Table       anon$$obj.o


    Execution Region RW_IRAM1 (Exec base: 0x20000000, Load base: 0x0800e9d4, Size: 0x00000b60, Max: 0x00005000, ABSOLUTE)

    Exec Addr    Load Addr    Size         Type   Attr      Idx    E Section Name        Object

    0x20000000   0x0800e9d4   0x00000068   Data   RW            4    .data               main.o
    0x20000068   0x0800ea3c   0x00000008   Data   RW          223    .data               base_sys_time.o
    0x20000070   0x0800ea44   0x00000004   Data   RW          281    .data               base_uart.o
    0x20000074   0x0800ea48   0x00000002   Data   RW          495    .data               lcd.o
    0x20000076   0x0800ea4a   0x00000008   Data   RW          684    .data               mode_mp3.o
    0x2000007e   0x0800ea52   0x00000002   PAD
    0x20000080   0x0800ea54   0x00000014   Data   RW          710    .data               mode_time.o
    0x20000094   0x0800ea68   0x00000014   Data   RW         1029    .data               system_stm32f10x.o
    0x200000a8   0x0800ea7c   0x00000014   Data   RW         2666    .data               stm32f10x_rcc.o
    0x200000bc   0x0800ea90   0x00000004   Data   RW         4334    .data               mc_w.l(stdout.o)
    0x200000c0        -       0x00000068   Zero   RW          647    .bss                mode.o
    0x20000128        -       0x00000634   Zero   RW          783    .bss                mode_uart.o
    0x2000075c   0x0800ea94   0x00000004   PAD
    0x20000760        -       0x00000400   Zero   RW          960    STACK               startup_stm32f10x_md.o


==============================================================================

Image component sizes


      Code (inc. data)   RO Data    RW Data    ZI Data      Debug   Object Name

       164         12          0          0          0       1288   base_exist_gpio.o
       324         18          0          0          0       2931   base_spi.o
       608         60          0          8          0      20012   base_sys_time.o
       974        120          0          4          0       6356   base_uart.o
      1484         22          0          2          0      13146   lcd.o
       332         14          0          0          0       3417   led.o
       248         74      51200        104          0     246262   main.o
       132         22          0          0          0       1511   misc.o
       254        110          0          0        104       2595   mode.o
       140          6          0          8          0       1929   mode_mp3.o
       272         20          0         20          0       3649   mode_time.o
       366         28          0          0       1588       5847   mode_uart.o
        36          8        236          0       1024        852   startup_stm32f10x_md.o
       422          6          0          0          0       2778   stm32f10x_gpio.o
        24          0          0          0          0       3624   stm32f10x_it.o
       276         32          0         20          0       4410   stm32f10x_rcc.o
       106          0          0          0          0       3256   stm32f10x_spi.o
       484          6          0          0          0       7210   stm32f10x_usart.o
       328         28          0         20          0       2285   system_stm32f10x.o
       182          6          0          0          0       1576   time_handle.o

    ----------------------------------------------------------------------
      7178        592      51468        188       2720     334934   Object Totals
         0          0         32          0          0          0   (incl. Generated)
        22          0          0          2          4          0   (incl. Padding)

    ----------------------------------------------------------------------

      Code (inc. data)   RO Data    RW Data    ZI Data      Debug   Library Member Name

         0          0          0          0          0          0   entry.o
         0          0          0          0          0          0   entry10a.o
         0          0          0          0          0          0   entry11a.o
         4          0          0          0          0          0   entry12b.o
         8          4          0          0          0          0   entry2.o
         4          0          0          0          0          0   entry5.o
         0          0          0          0          0          0   entry7b.o
         0          0          0          0          0          0   entry8b.o
         8          4          0          0          0          0   entry9a.o
        30          0          0          0          0          0   handlers.o
        36          8          0          0          0         68   init.o
        30          0          0          0          0         68   llshl.o
        32          0          0          0          0         68   llushr.o
        36          0          0          0          0        108   memseta.o
       866         14          0          0          0        352   printf6.o
         0          0          0          4          0          0   stdout.o
        14          0          0          0          0         68   strlen.o
        44          0          0          0          0         80   uidiv.o
        98          0          0          0          0         92   uldiv.o

    ----------------------------------------------------------------------
      1214         30          0          4          0        904   Library Totals
         4          0          0          0          0          0   (incl. Padding)

    ----------------------------------------------------------------------

      Code (inc. data)   RO Data    RW Data    ZI Data      Debug   Library Name

      1210         30          0          4          0        904   mc_w.l

    ----------------------------------------------------------------------
      1214         30          0          4          0        904   Library Totals

    ----------------------------------------------------------------------

==============================================================================


      Code (inc. data)   RO Data    RW Data    ZI Data      Debug   

      8392        622      51468        192       2720     330790   Grand Totals
      8392        622      51468        192       2720     330790   ELF Image Totals
      8392        622      51468        192          0          0   ROM Totals

==============================================================================

    Total RO  Size (Code + RO Data)                59860 (  58.46kB)
    Total RW  Size (RW Data + ZI Data)              2912 (   2.84kB)
    Total ROM Size (Code + RO Data + RW Data)      60052 (  58.64kB)

==============================================================================

